<!doctype html public "-//w3c//dtd html 4.0 transitional//en">
<html><head>
<title>Static Call Graph - [.\Objects\CBU5000V210.axf]</title></head>
<body><HR>
<H1>Static Call Graph for image .\Objects\CBU5000V210.axf</H1><HR>
<BR><P>#&#060CALLGRAPH&#062# ARM Linker, 6220000: Last Updated: Sun Apr 27 14:52:10 2025
<BR><P>
<H3>Maximum Stack Usage =        448 bytes + Unknown(Cycles, Untraceable Function Pointers)</H3><H3>
Call chain for Maximum Stack Depth:</H3>
__rt_entry_main &rArr; main &rArr; app_adc_test_original_value &rArr; app_uart_printf &rArr; vsnprintf &rArr; _printf_char_common &rArr; __printf
<P>
<H3>
Mutually Recursive functions
</H3> <LI><a href="#[4]">BusFault_Handler</a>&nbsp;&nbsp;&nbsp;&rArr;&nbsp;&nbsp;&nbsp;<a href="#[4]">BusFault_Handler</a><BR>
 <LI><a href="#[2]">HardFault_Handler</a>&nbsp;&nbsp;&nbsp;&rArr;&nbsp;&nbsp;&nbsp;<a href="#[2]">HardFault_Handler</a><BR>
 <LI><a href="#[e]">cb_crypto_irqhandler</a>&nbsp;&nbsp;&nbsp;&rArr;&nbsp;&nbsp;&nbsp;<a href="#[e]">cb_crypto_irqhandler</a><BR>
 <LI><a href="#[d]">cb_dma_irqhandler</a>&nbsp;&nbsp;&nbsp;&rArr;&nbsp;&nbsp;&nbsp;<a href="#[d]">cb_dma_irqhandler</a><BR>
 <LI><a href="#[16]">cb_i2c_irqhandler</a>&nbsp;&nbsp;&nbsp;&rArr;&nbsp;&nbsp;&nbsp;<a href="#[16]">cb_i2c_irqhandler</a><BR>
 <LI><a href="#[f]">cb_pka_irqhandler</a>&nbsp;&nbsp;&nbsp;&rArr;&nbsp;&nbsp;&nbsp;<a href="#[f]">cb_pka_irqhandler</a><BR>
 <LI><a href="#[13]">cb_spi_irqhandler</a>&nbsp;&nbsp;&nbsp;&rArr;&nbsp;&nbsp;&nbsp;<a href="#[13]">cb_spi_irqhandler</a><BR>
 <LI><a href="#[17]">cb_timer_0_irqhandler</a>&nbsp;&nbsp;&nbsp;&rArr;&nbsp;&nbsp;&nbsp;<a href="#[17]">cb_timer_0_irqhandler</a><BR>
 <LI><a href="#[18]">cb_timer_1_irqhandler</a>&nbsp;&nbsp;&nbsp;&rArr;&nbsp;&nbsp;&nbsp;<a href="#[18]">cb_timer_1_irqhandler</a><BR>
 <LI><a href="#[19]">cb_timer_2_irqhandler</a>&nbsp;&nbsp;&nbsp;&rArr;&nbsp;&nbsp;&nbsp;<a href="#[19]">cb_timer_2_irqhandler</a><BR>
 <LI><a href="#[1a]">cb_timer_3_irqhandler</a>&nbsp;&nbsp;&nbsp;&rArr;&nbsp;&nbsp;&nbsp;<a href="#[1a]">cb_timer_3_irqhandler</a><BR>
 <LI><a href="#[10]">cb_trng_irqhandler</a>&nbsp;&nbsp;&nbsp;&rArr;&nbsp;&nbsp;&nbsp;<a href="#[10]">cb_trng_irqhandler</a><BR>
</UL>
<P>
<H3>
Function Pointers
</H3><UL>
 <LI><a href="#[4]">BusFault_Handler</a> from startup_armcm33.o(.text.Default_Handler) referenced from startup_armcm33.o(RESET)
 <LI><a href="#[8]">DebugMon_Handler</a> from startup_armcm33.o(.text.Default_Handler) referenced from startup_armcm33.o(RESET)
 <LI><a href="#[2]">HardFault_Handler</a> from startup_armcm33.o(.text.HardFault_Handler) referenced from startup_armcm33.o(RESET)
 <LI><a href="#[b]">Interrupt0_Handler</a> from startup_armcm33.o(.text.Default_Handler) referenced from startup_armcm33.o(RESET)
 <LI><a href="#[1b]">Interrupt16_Handler</a> from startup_armcm33.o(.text.Default_Handler) referenced from startup_armcm33.o(RESET)
 <LI><a href="#[1c]">Interrupt17_Handler</a> from startup_armcm33.o(.text.Default_Handler) referenced from startup_armcm33.o(RESET)
 <LI><a href="#[1d]">Interrupt18_Handler</a> from startup_armcm33.o(.text.Default_Handler) referenced from startup_armcm33.o(RESET)
 <LI><a href="#[1e]">Interrupt19_Handler</a> from startup_armcm33.o(.text.Default_Handler) referenced from startup_armcm33.o(RESET)
 <LI><a href="#[c]">Interrupt1_Handler</a> from startup_armcm33.o(.text.Default_Handler) referenced from startup_armcm33.o(RESET)
 <LI><a href="#[1f]">Interrupt20_Handler</a> from startup_armcm33.o(.text.Default_Handler) referenced from startup_armcm33.o(RESET)
 <LI><a href="#[2e]">Interrupt35_Handler</a> from startup_armcm33.o(.text.Default_Handler) referenced from startup_armcm33.o(RESET)
 <LI><a href="#[2f]">Interrupt36_Handler</a> from startup_armcm33.o(.text.Default_Handler) referenced from startup_armcm33.o(RESET)
 <LI><a href="#[30]">Interrupt37_Handler</a> from startup_armcm33.o(.text.Default_Handler) referenced from startup_armcm33.o(RESET)
 <LI><a href="#[31]">Interrupt38_Handler</a> from startup_armcm33.o(.text.Default_Handler) referenced from startup_armcm33.o(RESET)
 <LI><a href="#[3]">MemManage_Handler</a> from startup_armcm33.o(.text.Default_Handler) referenced from startup_armcm33.o(RESET)
 <LI><a href="#[1]">NMI_Handler</a> from cb_wdt.o(.text.NMI_Handler) referenced from startup_armcm33.o(RESET)
 <LI><a href="#[9]">PendSV_Handler</a> from startup_armcm33.o(.text.Default_Handler) referenced from startup_armcm33.o(RESET)
 <LI><a href="#[0]">Reset_Handler</a> from startup_armcm33.o(.text.Reset_Handler) referenced from startup_armcm33.o(RESET)
 <LI><a href="#[7]">SVC_Handler</a> from startup_armcm33.o(.text.Default_Handler) referenced from startup_armcm33.o(RESET)
 <LI><a href="#[6]">SecureFault_Handler</a> from startup_armcm33.o(.text.Default_Handler) referenced from startup_armcm33.o(RESET)
 <LI><a href="#[a]">SysTick_Handler</a> from startup_armcm33.o(.text.SysTick_Handler) referenced from startup_armcm33.o(RESET)
 <LI><a href="#[5]">UsageFault_Handler</a> from startup_armcm33.o(.text.Default_Handler) referenced from startup_armcm33.o(RESET)
 <LI><a href="#[34]">_get_lc_ctype</a> from lc_ctype_c.o(locale$$code) referenced from rt_ctype_table.o(.text)
 <LI><a href="#[33]">_printf_input_char</a> from _printf_char_common.o(.text) referenced from _printf_char_common.o(.text)
 <LI><a href="#[32]">_snputc</a> from _snputc.o(.text) referenced from vsnprintf.o(.text)
 <LI><a href="#[11]">cb_crc_irqhandler</a> from cb_crc.o(.text.cb_crc_irqhandler) referenced from startup_armcm33.o(RESET)
 <LI><a href="#[e]">cb_crypto_irqhandler</a> from startup_armcm33.o(.text.cb_crypto_irqhandler) referenced from startup_armcm33.o(RESET)
 <LI><a href="#[d]">cb_dma_irqhandler</a> from startup_armcm33.o(.text.cb_dma_irqhandler) referenced from startup_armcm33.o(RESET)
 <LI><a href="#[12]">cb_gpio_irqhandler</a> from cb_gpio.o(.text.cb_gpio_irqhandler) referenced from startup_armcm33.o(RESET)
 <LI><a href="#[16]">cb_i2c_irqhandler</a> from startup_armcm33.o(.text.cb_i2c_irqhandler) referenced from startup_armcm33.o(RESET)
 <LI><a href="#[f]">cb_pka_irqhandler</a> from startup_armcm33.o(.text.cb_pka_irqhandler) referenced from startup_armcm33.o(RESET)
 <LI><a href="#[13]">cb_spi_irqhandler</a> from startup_armcm33.o(.text.cb_spi_irqhandler) referenced from startup_armcm33.o(RESET)
 <LI><a href="#[17]">cb_timer_0_irqhandler</a> from startup_armcm33.o(.text.cb_timer_0_irqhandler) referenced from startup_armcm33.o(RESET)
 <LI><a href="#[18]">cb_timer_1_irqhandler</a> from startup_armcm33.o(.text.cb_timer_1_irqhandler) referenced from startup_armcm33.o(RESET)
 <LI><a href="#[19]">cb_timer_2_irqhandler</a> from startup_armcm33.o(.text.cb_timer_2_irqhandler) referenced from startup_armcm33.o(RESET)
 <LI><a href="#[1a]">cb_timer_3_irqhandler</a> from startup_armcm33.o(.text.cb_timer_3_irqhandler) referenced from startup_armcm33.o(RESET)
 <LI><a href="#[10]">cb_trng_irqhandler</a> from startup_armcm33.o(.text.cb_trng_irqhandler) referenced from startup_armcm33.o(RESET)
 <LI><a href="#[14]">cb_uart_0_irqhandler</a> from cb_uart.o(.text.cb_uart_0_irqhandler) referenced from startup_armcm33.o(RESET)
 <LI><a href="#[15]">cb_uart_1_irqhandler</a> from cb_uart.o(.text.cb_uart_1_irqhandler) referenced from startup_armcm33.o(RESET)
 <LI><a href="#[20]">cb_uwb_rx0_done_irqhandler</a> from cb_uwb.o(.text.cb_uwb_rx0_done_irqhandler) referenced from startup_armcm33.o(RESET)
 <LI><a href="#[21]">cb_uwb_rx0_preamble_detected_irqhandler</a> from cb_uwb.o(.text.cb_uwb_rx0_preamble_detected_irqhandler) referenced from startup_armcm33.o(RESET)
 <LI><a href="#[22]">cb_uwb_rx0_sfd_detected_irqhandler</a> from cb_uwb.o(.text.cb_uwb_rx0_sfd_detected_irqhandler) referenced from startup_armcm33.o(RESET)
 <LI><a href="#[23]">cb_uwb_rx1_done_irqhandler</a> from cb_uwb.o(.text.cb_uwb_rx1_done_irqhandler) referenced from startup_armcm33.o(RESET)
 <LI><a href="#[24]">cb_uwb_rx1_preamble_detected_irqhandler</a> from cb_uwb.o(.text.cb_uwb_rx1_preamble_detected_irqhandler) referenced from startup_armcm33.o(RESET)
 <LI><a href="#[25]">cb_uwb_rx1_sfd_detected_irqhandler</a> from cb_uwb.o(.text.cb_uwb_rx1_sfd_detected_irqhandler) referenced from startup_armcm33.o(RESET)
 <LI><a href="#[26]">cb_uwb_rx2_done_irqhandler</a> from cb_uwb.o(.text.cb_uwb_rx2_done_irqhandler) referenced from startup_armcm33.o(RESET)
 <LI><a href="#[27]">cb_uwb_rx2_preamble_detected_irqhandler</a> from cb_uwb.o(.text.cb_uwb_rx2_preamble_detected_irqhandler) referenced from startup_armcm33.o(RESET)
 <LI><a href="#[28]">cb_uwb_rx2_sfd_detected_irqhandler</a> from cb_uwb.o(.text.cb_uwb_rx2_sfd_detected_irqhandler) referenced from startup_armcm33.o(RESET)
 <LI><a href="#[2b]">cb_uwb_rx_done_irqhandler</a> from cb_uwb.o(.text.cb_uwb_rx_done_irqhandler) referenced from startup_armcm33.o(RESET)
 <LI><a href="#[2a]">cb_uwb_rx_phr_detected_irqhandler</a> from cb_uwb.o(.text.cb_uwb_rx_phr_detected_irqhandler) referenced from startup_armcm33.o(RESET)
 <LI><a href="#[29]">cb_uwb_rx_sts_cir_end_irqhandler</a> from cb_uwb.o(.text.cb_uwb_rx_sts_cir_end_irqhandler) referenced from startup_armcm33.o(RESET)
 <LI><a href="#[2c]">cb_uwb_tx_done_irqhandler</a> from cb_uwb.o(.text.cb_uwb_tx_done_irqhandler) referenced from startup_armcm33.o(RESET)
 <LI><a href="#[2d]">cb_uwb_tx_sfd_mark_irqhandler</a> from cb_uwb.o(.text.cb_uwb_tx_sfd_mark_irqhandler) referenced from startup_armcm33.o(RESET)
</UL>
<P>
<H3>
Global Symbols
</H3>
<P><STRONG><a name="[35]"></a>__main</STRONG> (Thumb, 8 bytes, Stack size 0 bytes, __main.o(!!!main))
<BR><BR>[Calls]<UL><LI><a href="#[c1]">&gt;&gt;</a>&nbsp;&nbsp;&nbsp;__rt_entry
<LI><a href="#[c0]">&gt;&gt;</a>&nbsp;&nbsp;&nbsp;__scatterload
</UL>
<BR>[Called By]<UL><LI><a href="#[0]">&gt;&gt;</a>&nbsp;&nbsp;&nbsp;Reset_Handler
</UL>

<P><STRONG><a name="[c0]"></a>__scatterload</STRONG> (Thumb, 0 bytes, Stack size unknown bytes, __scatter.o(!!!scatter))
<BR><BR>[Called By]<UL><LI><a href="#[35]">&gt;&gt;</a>&nbsp;&nbsp;&nbsp;__main
</UL>

<P><STRONG><a name="[c2]"></a>__scatterload_rt2</STRONG> (Thumb, 84 bytes, Stack size unknown bytes, __scatter.o(!!!scatter), UNUSED)
<BR><BR>[Calls]<UL><LI><a href="#[c1]">&gt;&gt;</a>&nbsp;&nbsp;&nbsp;__rt_entry
</UL>

<P><STRONG><a name="[c4]"></a>__scatterload_rt2_thumb_only</STRONG> (Thumb, 0 bytes, Stack size unknown bytes, __scatter.o(!!!scatter), UNUSED)

<P><STRONG><a name="[c5]"></a>__scatterload_loop</STRONG> (Thumb, 0 bytes, Stack size unknown bytes, __scatter.o(!!!scatter), UNUSED)

<P><STRONG><a name="[c6]"></a>__decompress</STRONG> (Thumb, 58 bytes, Stack size unknown bytes, __dczerorl.o(!!dczerorl), UNUSED)

<P><STRONG><a name="[c7]"></a>__decompress0</STRONG> (Thumb, 0 bytes, Stack size unknown bytes, __dczerorl.o(!!dczerorl), UNUSED)

<P><STRONG><a name="[c3]"></a>__scatterload_copy</STRONG> (Thumb, 26 bytes, Stack size unknown bytes, __scatter_copy.o(!!handler_copy), UNUSED)
<BR><BR>[Calls]<UL><LI><a href="#[c3]">&gt;&gt;</a>&nbsp;&nbsp;&nbsp;__scatterload_copy
</UL>
<BR>[Called By]<UL><LI><a href="#[c3]">&gt;&gt;</a>&nbsp;&nbsp;&nbsp;__scatterload_copy
</UL>

<P><STRONG><a name="[c8]"></a>__scatterload_null</STRONG> (Thumb, 2 bytes, Stack size unknown bytes, __scatter.o(!!handler_null), UNUSED)

<P><STRONG><a name="[c9]"></a>__scatterload_zeroinit</STRONG> (Thumb, 28 bytes, Stack size unknown bytes, __scatter_zi.o(!!handler_zi), UNUSED)

<P><STRONG><a name="[36]"></a>_printf_n</STRONG> (Thumb, 0 bytes, Stack size unknown bytes, _printf_n.o(.ARM.Collect$$_printf_percent$$00000001))
<BR><BR>[Calls]<UL><LI><a href="#[37]">&gt;&gt;</a>&nbsp;&nbsp;&nbsp;_printf_charcount
</UL>

<P><STRONG><a name="[79]"></a>_printf_percent</STRONG> (Thumb, 0 bytes, Stack size unknown bytes, _printf_percent.o(.ARM.Collect$$_printf_percent$$00000000))
<BR><BR>[Called By]<UL><LI><a href="#[72]">&gt;&gt;</a>&nbsp;&nbsp;&nbsp;__printf
</UL>

<P><STRONG><a name="[38]"></a>_printf_p</STRONG> (Thumb, 0 bytes, Stack size unknown bytes, _printf_p.o(.ARM.Collect$$_printf_percent$$00000002))
<BR><BR>[Stack]<UL><LI>Max Depth = 64 + Unknown Stack Size
<LI>Call Chain = _printf_p &rArr; _printf_hex_ptr &rArr; _printf_longlong_hex &rArr; _printf_int_common &rArr; _printf_post_padding
</UL>
<BR>[Calls]<UL><LI><a href="#[39]">&gt;&gt;</a>&nbsp;&nbsp;&nbsp;_printf_hex_ptr
</UL>

<P><STRONG><a name="[3a]"></a>_printf_f</STRONG> (Thumb, 0 bytes, Stack size unknown bytes, _printf_f.o(.ARM.Collect$$_printf_percent$$00000003))
<BR><BR>[Stack]<UL><LI>Max Depth = 324 + Unknown Stack Size
<LI>Call Chain = _printf_f &rArr; _printf_fp_dec &rArr; _printf_fp_dec_real &rArr; _fp_digits &rArr; _btod_etento &rArr; _btod_emul &rArr; _e2e
</UL>
<BR>[Calls]<UL><LI><a href="#[3b]">&gt;&gt;</a>&nbsp;&nbsp;&nbsp;_printf_fp_dec
</UL>

<P><STRONG><a name="[3c]"></a>_printf_e</STRONG> (Thumb, 0 bytes, Stack size unknown bytes, _printf_e.o(.ARM.Collect$$_printf_percent$$00000004))
<BR><BR>[Stack]<UL><LI>Max Depth = 324 + Unknown Stack Size
<LI>Call Chain = _printf_e &rArr; _printf_fp_dec &rArr; _printf_fp_dec_real &rArr; _fp_digits &rArr; _btod_etento &rArr; _btod_emul &rArr; _e2e
</UL>
<BR>[Calls]<UL><LI><a href="#[3b]">&gt;&gt;</a>&nbsp;&nbsp;&nbsp;_printf_fp_dec
</UL>

<P><STRONG><a name="[3d]"></a>_printf_g</STRONG> (Thumb, 0 bytes, Stack size unknown bytes, _printf_g.o(.ARM.Collect$$_printf_percent$$00000005))
<BR><BR>[Stack]<UL><LI>Max Depth = 324 + Unknown Stack Size
<LI>Call Chain = _printf_g &rArr; _printf_fp_dec &rArr; _printf_fp_dec_real &rArr; _fp_digits &rArr; _btod_etento &rArr; _btod_emul &rArr; _e2e
</UL>
<BR>[Calls]<UL><LI><a href="#[3b]">&gt;&gt;</a>&nbsp;&nbsp;&nbsp;_printf_fp_dec
</UL>

<P><STRONG><a name="[3e]"></a>_printf_a</STRONG> (Thumb, 0 bytes, Stack size unknown bytes, _printf_a.o(.ARM.Collect$$_printf_percent$$00000006))
<BR><BR>[Stack]<UL><LI>Max Depth = 112 + Unknown Stack Size
<LI>Call Chain = _printf_a &rArr; _printf_fp_hex &rArr; _printf_fp_hex_real &rArr; _printf_fp_infnan &rArr; _printf_post_padding
</UL>
<BR>[Calls]<UL><LI><a href="#[3f]">&gt;&gt;</a>&nbsp;&nbsp;&nbsp;_printf_fp_hex
</UL>

<P><STRONG><a name="[ca]"></a>_printf_ll</STRONG> (Thumb, 0 bytes, Stack size unknown bytes, _printf_ll.o(.ARM.Collect$$_printf_percent$$00000007))

<P><STRONG><a name="[40]"></a>_printf_i</STRONG> (Thumb, 0 bytes, Stack size unknown bytes, _printf_i.o(.ARM.Collect$$_printf_percent$$00000008))
<BR><BR>[Stack]<UL><LI>Max Depth = 72 + Unknown Stack Size
<LI>Call Chain = _printf_i &rArr; _printf_int_dec &rArr; _printf_int_common &rArr; _printf_post_padding
</UL>
<BR>[Calls]<UL><LI><a href="#[41]">&gt;&gt;</a>&nbsp;&nbsp;&nbsp;_printf_int_dec
</UL>

<P><STRONG><a name="[42]"></a>_printf_d</STRONG> (Thumb, 0 bytes, Stack size unknown bytes, _printf_d.o(.ARM.Collect$$_printf_percent$$00000009))
<BR><BR>[Stack]<UL><LI>Max Depth = 72 + Unknown Stack Size
<LI>Call Chain = _printf_d &rArr; _printf_int_dec &rArr; _printf_int_common &rArr; _printf_post_padding
</UL>
<BR>[Calls]<UL><LI><a href="#[41]">&gt;&gt;</a>&nbsp;&nbsp;&nbsp;_printf_int_dec
</UL>

<P><STRONG><a name="[43]"></a>_printf_u</STRONG> (Thumb, 0 bytes, Stack size unknown bytes, _printf_u.o(.ARM.Collect$$_printf_percent$$0000000A))
<BR><BR>[Stack]<UL><LI>Max Depth = 72 + Unknown Stack Size
<LI>Call Chain = _printf_u &rArr; _printf_int_dec &rArr; _printf_int_common &rArr; _printf_post_padding
</UL>
<BR>[Calls]<UL><LI><a href="#[41]">&gt;&gt;</a>&nbsp;&nbsp;&nbsp;_printf_int_dec
</UL>

<P><STRONG><a name="[44]"></a>_printf_o</STRONG> (Thumb, 0 bytes, Stack size unknown bytes, _printf_o.o(.ARM.Collect$$_printf_percent$$0000000B))
<BR><BR>[Stack]<UL><LI>Max Depth = 64 + Unknown Stack Size
<LI>Call Chain = _printf_o &rArr; _printf_int_oct &rArr; _printf_longlong_oct &rArr; _printf_int_common &rArr; _printf_post_padding
</UL>
<BR>[Calls]<UL><LI><a href="#[45]">&gt;&gt;</a>&nbsp;&nbsp;&nbsp;_printf_int_oct
</UL>

<P><STRONG><a name="[46]"></a>_printf_x</STRONG> (Thumb, 0 bytes, Stack size unknown bytes, _printf_x.o(.ARM.Collect$$_printf_percent$$0000000C))
<BR><BR>[Stack]<UL><LI>Max Depth = 80 + Unknown Stack Size
<LI>Call Chain = _printf_x &rArr; _printf_int_hex &rArr; _printf_longlong_hex &rArr; _printf_int_common &rArr; _printf_post_padding
</UL>
<BR>[Calls]<UL><LI><a href="#[47]">&gt;&gt;</a>&nbsp;&nbsp;&nbsp;_printf_int_hex
</UL>

<P><STRONG><a name="[48]"></a>_printf_lli</STRONG> (Thumb, 0 bytes, Stack size unknown bytes, _printf_lli.o(.ARM.Collect$$_printf_percent$$0000000D))
<BR><BR>[Stack]<UL><LI>Max Depth = 72 + Unknown Stack Size
<LI>Call Chain = _printf_lli &rArr; _printf_longlong_dec &rArr; _printf_int_common &rArr; _printf_post_padding
</UL>
<BR>[Calls]<UL><LI><a href="#[49]">&gt;&gt;</a>&nbsp;&nbsp;&nbsp;_printf_longlong_dec
</UL>

<P><STRONG><a name="[4a]"></a>_printf_lld</STRONG> (Thumb, 0 bytes, Stack size unknown bytes, _printf_lld.o(.ARM.Collect$$_printf_percent$$0000000E))
<BR><BR>[Stack]<UL><LI>Max Depth = 72 + Unknown Stack Size
<LI>Call Chain = _printf_lld &rArr; _printf_longlong_dec &rArr; _printf_int_common &rArr; _printf_post_padding
</UL>
<BR>[Calls]<UL><LI><a href="#[49]">&gt;&gt;</a>&nbsp;&nbsp;&nbsp;_printf_longlong_dec
</UL>

<P><STRONG><a name="[4b]"></a>_printf_llu</STRONG> (Thumb, 0 bytes, Stack size unknown bytes, _printf_llu.o(.ARM.Collect$$_printf_percent$$0000000F))
<BR><BR>[Stack]<UL><LI>Max Depth = 72 + Unknown Stack Size
<LI>Call Chain = _printf_llu &rArr; _printf_longlong_dec &rArr; _printf_int_common &rArr; _printf_post_padding
</UL>
<BR>[Calls]<UL><LI><a href="#[49]">&gt;&gt;</a>&nbsp;&nbsp;&nbsp;_printf_longlong_dec
</UL>

<P><STRONG><a name="[4c]"></a>_printf_llo</STRONG> (Thumb, 0 bytes, Stack size unknown bytes, _printf_llo.o(.ARM.Collect$$_printf_percent$$00000010))
<BR><BR>[Stack]<UL><LI>Max Depth = 56 + Unknown Stack Size
<LI>Call Chain = _printf_llo &rArr; _printf_ll_oct &rArr; _printf_longlong_oct &rArr; _printf_int_common &rArr; _printf_post_padding
</UL>
<BR>[Calls]<UL><LI><a href="#[4d]">&gt;&gt;</a>&nbsp;&nbsp;&nbsp;_printf_ll_oct
</UL>

<P><STRONG><a name="[4e]"></a>_printf_llx</STRONG> (Thumb, 0 bytes, Stack size unknown bytes, _printf_llx.o(.ARM.Collect$$_printf_percent$$00000011))
<BR><BR>[Stack]<UL><LI>Max Depth = 64 + Unknown Stack Size
<LI>Call Chain = _printf_llx &rArr; _printf_ll_hex &rArr; _printf_longlong_hex &rArr; _printf_int_common &rArr; _printf_post_padding
</UL>
<BR>[Calls]<UL><LI><a href="#[4f]">&gt;&gt;</a>&nbsp;&nbsp;&nbsp;_printf_ll_hex
</UL>

<P><STRONG><a name="[cb]"></a>_printf_l</STRONG> (Thumb, 0 bytes, Stack size unknown bytes, _printf_l.o(.ARM.Collect$$_printf_percent$$00000012))

<P><STRONG><a name="[50]"></a>_printf_c</STRONG> (Thumb, 0 bytes, Stack size unknown bytes, _printf_c.o(.ARM.Collect$$_printf_percent$$00000013))
<BR><BR>[Stack]<UL><LI>Max Depth = 40 + Unknown Stack Size
<LI>Call Chain = _printf_c &rArr; _printf_char &rArr; _printf_cs_common &rArr; _printf_str &rArr; _printf_post_padding
</UL>
<BR>[Calls]<UL><LI><a href="#[51]">&gt;&gt;</a>&nbsp;&nbsp;&nbsp;_printf_char
</UL>

<P><STRONG><a name="[52]"></a>_printf_s</STRONG> (Thumb, 0 bytes, Stack size unknown bytes, _printf_s.o(.ARM.Collect$$_printf_percent$$00000014))
<BR><BR>[Stack]<UL><LI>Max Depth = 40 + Unknown Stack Size
<LI>Call Chain = _printf_s &rArr; _printf_string &rArr; _printf_cs_common &rArr; _printf_str &rArr; _printf_post_padding
</UL>
<BR>[Calls]<UL><LI><a href="#[53]">&gt;&gt;</a>&nbsp;&nbsp;&nbsp;_printf_string
</UL>

<P><STRONG><a name="[54]"></a>_printf_lc</STRONG> (Thumb, 0 bytes, Stack size unknown bytes, _printf_lc.o(.ARM.Collect$$_printf_percent$$00000015))
<BR><BR>[Stack]<UL><LI>Max Depth = 88 + Unknown Stack Size
<LI>Call Chain = _printf_lc &rArr; _printf_wchar &rArr; _printf_lcs_common &rArr; _printf_wctomb &rArr; _wcrtomb
</UL>
<BR>[Calls]<UL><LI><a href="#[55]">&gt;&gt;</a>&nbsp;&nbsp;&nbsp;_printf_wchar
</UL>

<P><STRONG><a name="[56]"></a>_printf_ls</STRONG> (Thumb, 0 bytes, Stack size unknown bytes, _printf_ls.o(.ARM.Collect$$_printf_percent$$00000016))
<BR><BR>[Stack]<UL><LI>Max Depth = 88 + Unknown Stack Size
<LI>Call Chain = _printf_ls &rArr; _printf_wstring &rArr; _printf_lcs_common &rArr; _printf_wctomb &rArr; _wcrtomb
</UL>
<BR>[Calls]<UL><LI><a href="#[57]">&gt;&gt;</a>&nbsp;&nbsp;&nbsp;_printf_wstring
</UL>

<P><STRONG><a name="[cc]"></a>_printf_percent_end</STRONG> (Thumb, 0 bytes, Stack size unknown bytes, _printf_percent_end.o(.ARM.Collect$$_printf_percent$$00000017))

<P><STRONG><a name="[60]"></a>__rt_lib_init</STRONG> (Thumb, 0 bytes, Stack size unknown bytes, libinit.o(.ARM.Collect$$libinit$$00000000))
<BR><BR>[Called By]<UL><LI><a href="#[5f]">&gt;&gt;</a>&nbsp;&nbsp;&nbsp;__rt_entry_li
</UL>

<P><STRONG><a name="[58]"></a>__rt_lib_init_fp_1</STRONG> (Thumb, 0 bytes, Stack size unknown bytes, libinit2.o(.ARM.Collect$$libinit$$00000001))
<BR><BR>[Calls]<UL><LI><a href="#[59]">&gt;&gt;</a>&nbsp;&nbsp;&nbsp;_fp_init
</UL>

<P><STRONG><a name="[cd]"></a>__rt_lib_init_heap_1</STRONG> (Thumb, 0 bytes, Stack size unknown bytes, libinit2.o(.ARM.Collect$$libinit$$0000000C))

<P><STRONG><a name="[5a]"></a>__rt_lib_init_lc_common</STRONG> (Thumb, 0 bytes, Stack size unknown bytes, libinit2.o(.ARM.Collect$$libinit$$00000011))
<BR><BR>[Calls]<UL><LI><a href="#[5b]">&gt;&gt;</a>&nbsp;&nbsp;&nbsp;__rt_locale
</UL>

<P><STRONG><a name="[ce]"></a>__rt_lib_init_preinit_1</STRONG> (Thumb, 0 bytes, Stack size unknown bytes, libinit2.o(.ARM.Collect$$libinit$$00000006))

<P><STRONG><a name="[cf]"></a>__rt_lib_init_rand_1</STRONG> (Thumb, 0 bytes, Stack size unknown bytes, libinit2.o(.ARM.Collect$$libinit$$00000010))

<P><STRONG><a name="[d0]"></a>__rt_lib_init_relocate_pie_1</STRONG> (Thumb, 0 bytes, Stack size unknown bytes, libinit2.o(.ARM.Collect$$libinit$$00000004))

<P><STRONG><a name="[d1]"></a>__rt_lib_init_user_alloc_1</STRONG> (Thumb, 0 bytes, Stack size unknown bytes, libinit2.o(.ARM.Collect$$libinit$$0000000E))

<P><STRONG><a name="[d2]"></a>__rt_lib_init_lc_collate_1</STRONG> (Thumb, 0 bytes, Stack size unknown bytes, libinit2.o(.ARM.Collect$$libinit$$00000013))

<P><STRONG><a name="[5c]"></a>__rt_lib_init_lc_ctype_2</STRONG> (Thumb, 0 bytes, Stack size unknown bytes, libinit2.o(.ARM.Collect$$libinit$$00000014))
<BR><BR>[Stack]<UL><LI>Max Depth = 16 + Unknown Stack Size
<LI>Call Chain = __rt_lib_init_lc_ctype_2 &rArr; _get_lc_ctype &rArr; strcmp
</UL>
<BR>[Calls]<UL><LI><a href="#[34]">&gt;&gt;</a>&nbsp;&nbsp;&nbsp;_get_lc_ctype
</UL>

<P><STRONG><a name="[d3]"></a>__rt_lib_init_lc_ctype_1</STRONG> (Thumb, 0 bytes, Stack size unknown bytes, libinit2.o(.ARM.Collect$$libinit$$00000015))

<P><STRONG><a name="[d4]"></a>__rt_lib_init_lc_monetary_1</STRONG> (Thumb, 0 bytes, Stack size unknown bytes, libinit2.o(.ARM.Collect$$libinit$$00000017))

<P><STRONG><a name="[5d]"></a>__rt_lib_init_lc_numeric_2</STRONG> (Thumb, 0 bytes, Stack size unknown bytes, libinit2.o(.ARM.Collect$$libinit$$00000018))
<BR><BR>[Stack]<UL><LI>Max Depth = 16 + Unknown Stack Size
<LI>Call Chain = __rt_lib_init_lc_numeric_2 &rArr; _get_lc_numeric &rArr; strcmp
</UL>
<BR>[Calls]<UL><LI><a href="#[5e]">&gt;&gt;</a>&nbsp;&nbsp;&nbsp;_get_lc_numeric
</UL>

<P><STRONG><a name="[d5]"></a>__rt_lib_init_alloca_1</STRONG> (Thumb, 0 bytes, Stack size unknown bytes, libinit2.o(.ARM.Collect$$libinit$$00000030))

<P><STRONG><a name="[d6]"></a>__rt_lib_init_argv_1</STRONG> (Thumb, 0 bytes, Stack size unknown bytes, libinit2.o(.ARM.Collect$$libinit$$0000002E))

<P><STRONG><a name="[d7]"></a>__rt_lib_init_atexit_1</STRONG> (Thumb, 0 bytes, Stack size unknown bytes, libinit2.o(.ARM.Collect$$libinit$$0000001D))

<P><STRONG><a name="[d8]"></a>__rt_lib_init_clock_1</STRONG> (Thumb, 0 bytes, Stack size unknown bytes, libinit2.o(.ARM.Collect$$libinit$$00000023))

<P><STRONG><a name="[d9]"></a>__rt_lib_init_cpp_1</STRONG> (Thumb, 0 bytes, Stack size unknown bytes, libinit2.o(.ARM.Collect$$libinit$$00000034))

<P><STRONG><a name="[da]"></a>__rt_lib_init_exceptions_1</STRONG> (Thumb, 0 bytes, Stack size unknown bytes, libinit2.o(.ARM.Collect$$libinit$$00000032))

<P><STRONG><a name="[db]"></a>__rt_lib_init_fp_trap_1</STRONG> (Thumb, 0 bytes, Stack size unknown bytes, libinit2.o(.ARM.Collect$$libinit$$00000021))

<P><STRONG><a name="[dc]"></a>__rt_lib_init_getenv_1</STRONG> (Thumb, 0 bytes, Stack size unknown bytes, libinit2.o(.ARM.Collect$$libinit$$00000025))

<P><STRONG><a name="[dd]"></a>__rt_lib_init_lc_numeric_1</STRONG> (Thumb, 0 bytes, Stack size unknown bytes, libinit2.o(.ARM.Collect$$libinit$$00000019))

<P><STRONG><a name="[de]"></a>__rt_lib_init_lc_time_1</STRONG> (Thumb, 0 bytes, Stack size unknown bytes, libinit2.o(.ARM.Collect$$libinit$$0000001B))

<P><STRONG><a name="[df]"></a>__rt_lib_init_return</STRONG> (Thumb, 0 bytes, Stack size unknown bytes, libinit2.o(.ARM.Collect$$libinit$$00000035))

<P><STRONG><a name="[e0]"></a>__rt_lib_init_signal_1</STRONG> (Thumb, 0 bytes, Stack size unknown bytes, libinit2.o(.ARM.Collect$$libinit$$0000001F))

<P><STRONG><a name="[e1]"></a>__rt_lib_init_stdio_1</STRONG> (Thumb, 0 bytes, Stack size unknown bytes, libinit2.o(.ARM.Collect$$libinit$$00000027))

<P><STRONG><a name="[65]"></a>__rt_lib_shutdown</STRONG> (Thumb, 0 bytes, Stack size unknown bytes, libshutdown.o(.ARM.Collect$$libshutdown$$00000000))
<BR><BR>[Called By]<UL><LI><a href="#[64]">&gt;&gt;</a>&nbsp;&nbsp;&nbsp;__rt_exit_ls
</UL>

<P><STRONG><a name="[e2]"></a>__rt_lib_shutdown_cpp_1</STRONG> (Thumb, 0 bytes, Stack size unknown bytes, libshutdown2.o(.ARM.Collect$$libshutdown$$00000002))

<P><STRONG><a name="[e3]"></a>__rt_lib_shutdown_fp_trap_1</STRONG> (Thumb, 0 bytes, Stack size unknown bytes, libshutdown2.o(.ARM.Collect$$libshutdown$$00000007))

<P><STRONG><a name="[e4]"></a>__rt_lib_shutdown_heap_1</STRONG> (Thumb, 0 bytes, Stack size unknown bytes, libshutdown2.o(.ARM.Collect$$libshutdown$$0000000F))

<P><STRONG><a name="[e5]"></a>__rt_lib_shutdown_return</STRONG> (Thumb, 0 bytes, Stack size unknown bytes, libshutdown2.o(.ARM.Collect$$libshutdown$$00000010))

<P><STRONG><a name="[e6]"></a>__rt_lib_shutdown_signal_1</STRONG> (Thumb, 0 bytes, Stack size unknown bytes, libshutdown2.o(.ARM.Collect$$libshutdown$$0000000A))

<P><STRONG><a name="[e7]"></a>__rt_lib_shutdown_stdio_1</STRONG> (Thumb, 0 bytes, Stack size unknown bytes, libshutdown2.o(.ARM.Collect$$libshutdown$$00000004))

<P><STRONG><a name="[e8]"></a>__rt_lib_shutdown_user_alloc_1</STRONG> (Thumb, 0 bytes, Stack size unknown bytes, libshutdown2.o(.ARM.Collect$$libshutdown$$0000000C))

<P><STRONG><a name="[c1]"></a>__rt_entry</STRONG> (Thumb, 0 bytes, Stack size unknown bytes, __rtentry.o(.ARM.Collect$$rtentry$$00000000))
<BR><BR>[Called By]<UL><LI><a href="#[35]">&gt;&gt;</a>&nbsp;&nbsp;&nbsp;__main
<LI><a href="#[c2]">&gt;&gt;</a>&nbsp;&nbsp;&nbsp;__scatterload_rt2
</UL>

<P><STRONG><a name="[e9]"></a>__rt_entry_presh_1</STRONG> (Thumb, 0 bytes, Stack size unknown bytes, __rtentry2.o(.ARM.Collect$$rtentry$$00000002))

<P><STRONG><a name="[ea]"></a>__rt_entry_sh</STRONG> (Thumb, 0 bytes, Stack size unknown bytes, __rtentry7.o(.ARM.Collect$$rtentry$$00000007))

<P><STRONG><a name="[5f]"></a>__rt_entry_li</STRONG> (Thumb, 0 bytes, Stack size unknown bytes, __rtentry2.o(.ARM.Collect$$rtentry$$0000000A))
<BR><BR>[Calls]<UL><LI><a href="#[60]">&gt;&gt;</a>&nbsp;&nbsp;&nbsp;__rt_lib_init
</UL>

<P><STRONG><a name="[eb]"></a>__rt_entry_postsh_1</STRONG> (Thumb, 0 bytes, Stack size unknown bytes, __rtentry2.o(.ARM.Collect$$rtentry$$00000009))

<P><STRONG><a name="[61]"></a>__rt_entry_main</STRONG> (Thumb, 0 bytes, Stack size unknown bytes, __rtentry2.o(.ARM.Collect$$rtentry$$0000000D))
<BR><BR>[Stack]<UL><LI>Max Depth = 448 + Unknown Stack Size
<LI>Call Chain = __rt_entry_main &rArr; main &rArr; app_adc_test_original_value &rArr; app_uart_printf &rArr; vsnprintf &rArr; _printf_char_common &rArr; __printf
</UL>
<BR>[Calls]<UL><LI><a href="#[62]">&gt;&gt;</a>&nbsp;&nbsp;&nbsp;main
<LI><a href="#[63]">&gt;&gt;</a>&nbsp;&nbsp;&nbsp;exit
</UL>

<P><STRONG><a name="[ec]"></a>__rt_entry_postli_1</STRONG> (Thumb, 0 bytes, Stack size unknown bytes, __rtentry2.o(.ARM.Collect$$rtentry$$0000000C))

<P><STRONG><a name="[87]"></a>__rt_exit</STRONG> (Thumb, 0 bytes, Stack size unknown bytes, rtexit.o(.ARM.Collect$$rtexit$$00000000))
<BR><BR>[Called By]<UL><LI><a href="#[63]">&gt;&gt;</a>&nbsp;&nbsp;&nbsp;exit
</UL>

<P><STRONG><a name="[64]"></a>__rt_exit_ls</STRONG> (Thumb, 0 bytes, Stack size unknown bytes, rtexit2.o(.ARM.Collect$$rtexit$$00000003))
<BR><BR>[Calls]<UL><LI><a href="#[65]">&gt;&gt;</a>&nbsp;&nbsp;&nbsp;__rt_lib_shutdown
</UL>

<P><STRONG><a name="[ed]"></a>__rt_exit_prels_1</STRONG> (Thumb, 0 bytes, Stack size unknown bytes, rtexit2.o(.ARM.Collect$$rtexit$$00000002))

<P><STRONG><a name="[66]"></a>__rt_exit_exit</STRONG> (Thumb, 0 bytes, Stack size unknown bytes, rtexit2.o(.ARM.Collect$$rtexit$$00000004))
<BR><BR>[Calls]<UL><LI><a href="#[67]">&gt;&gt;</a>&nbsp;&nbsp;&nbsp;_sys_exit
</UL>

<P><STRONG><a name="[68]"></a>vsnprintf</STRONG> (Thumb, 56 bytes, Stack size 24 bytes, vsnprintf.o(.text))
<BR><BR>[Stack]<UL><LI>Max Depth = 128 + Unknown Stack Size
<LI>Call Chain = vsnprintf &rArr; _printf_char_common &rArr; __printf
</UL>
<BR>[Calls]<UL><LI><a href="#[69]">&gt;&gt;</a>&nbsp;&nbsp;&nbsp;_printf_char_common
</UL>
<BR>[Called By]<UL><LI><a href="#[90]">&gt;&gt;</a>&nbsp;&nbsp;&nbsp;app_uart_printf
</UL>

<P><STRONG><a name="[97]"></a>strlen</STRONG> (Thumb, 62 bytes, Stack size 8 bytes, strlen.o(.text))
<BR><BR>[Stack]<UL><LI>Max Depth = 8<LI>Call Chain = strlen
</UL>
<BR>[Called By]<UL><LI><a href="#[90]">&gt;&gt;</a>&nbsp;&nbsp;&nbsp;app_uart_printf
</UL>

<P><STRONG><a name="[a3]"></a>__aeabi_memcpy</STRONG> (Thumb, 0 bytes, Stack size 0 bytes, rt_memcpy_v6.o(.text))
<BR><BR>[Called By]<UL><LI><a href="#[98]">&gt;&gt;</a>&nbsp;&nbsp;&nbsp;cb_uart_transmit
</UL>

<P><STRONG><a name="[6a]"></a>__rt_memcpy</STRONG> (Thumb, 138 bytes, Stack size 0 bytes, rt_memcpy_v6.o(.text), UNUSED)
<BR><BR>[Calls]<UL><LI><a href="#[6b]">&gt;&gt;</a>&nbsp;&nbsp;&nbsp;__aeabi_memcpy4
</UL>

<P><STRONG><a name="[ee]"></a>_memcpy_lastbytes</STRONG> (Thumb, 0 bytes, Stack size unknown bytes, rt_memcpy_v6.o(.text), UNUSED)

<P><STRONG><a name="[6b]"></a>__aeabi_memcpy4</STRONG> (Thumb, 0 bytes, Stack size 8 bytes, rt_memcpy_w.o(.text), UNUSED)
<BR><BR>[Called By]<UL><LI><a href="#[6a]">&gt;&gt;</a>&nbsp;&nbsp;&nbsp;__rt_memcpy
</UL>

<P><STRONG><a name="[ef]"></a>__aeabi_memcpy8</STRONG> (Thumb, 0 bytes, Stack size 8 bytes, rt_memcpy_w.o(.text), UNUSED)

<P><STRONG><a name="[f0]"></a>__rt_memcpy_w</STRONG> (Thumb, 100 bytes, Stack size 8 bytes, rt_memcpy_w.o(.text), UNUSED)

<P><STRONG><a name="[f1]"></a>_memcpy_lastbytes_aligned</STRONG> (Thumb, 0 bytes, Stack size unknown bytes, rt_memcpy_w.o(.text), UNUSED)

<P><STRONG><a name="[6d]"></a>_printf_pre_padding</STRONG> (Thumb, 44 bytes, Stack size 16 bytes, _printf_pad.o(.text))
<BR><BR>[Stack]<UL><LI>Max Depth = 16<LI>Call Chain = _printf_pre_padding
</UL>
<BR>[Called By]<UL><LI><a href="#[73]">&gt;&gt;</a>&nbsp;&nbsp;&nbsp;_printf_wctomb
<LI><a href="#[6c]">&gt;&gt;</a>&nbsp;&nbsp;&nbsp;_printf_str
<LI><a href="#[81]">&gt;&gt;</a>&nbsp;&nbsp;&nbsp;_printf_fp_infnan
<LI><a href="#[82]">&gt;&gt;</a>&nbsp;&nbsp;&nbsp;_printf_fp_hex_real
<LI><a href="#[7f]">&gt;&gt;</a>&nbsp;&nbsp;&nbsp;_printf_fp_dec_real
<LI><a href="#[71]">&gt;&gt;</a>&nbsp;&nbsp;&nbsp;_printf_int_common
</UL>

<P><STRONG><a name="[6e]"></a>_printf_post_padding</STRONG> (Thumb, 34 bytes, Stack size 16 bytes, _printf_pad.o(.text))
<BR><BR>[Stack]<UL><LI>Max Depth = 16<LI>Call Chain = _printf_post_padding
</UL>
<BR>[Called By]<UL><LI><a href="#[73]">&gt;&gt;</a>&nbsp;&nbsp;&nbsp;_printf_wctomb
<LI><a href="#[6c]">&gt;&gt;</a>&nbsp;&nbsp;&nbsp;_printf_str
<LI><a href="#[81]">&gt;&gt;</a>&nbsp;&nbsp;&nbsp;_printf_fp_infnan
<LI><a href="#[82]">&gt;&gt;</a>&nbsp;&nbsp;&nbsp;_printf_fp_hex_real
<LI><a href="#[7f]">&gt;&gt;</a>&nbsp;&nbsp;&nbsp;_printf_fp_dec_real
<LI><a href="#[71]">&gt;&gt;</a>&nbsp;&nbsp;&nbsp;_printf_int_common
</UL>

<P><STRONG><a name="[6f]"></a>_printf_truncate_signed</STRONG> (Thumb, 18 bytes, Stack size 0 bytes, _printf_truncate.o(.text))
<BR><BR>[Called By]<UL><LI><a href="#[41]">&gt;&gt;</a>&nbsp;&nbsp;&nbsp;_printf_int_dec
</UL>

<P><STRONG><a name="[70]"></a>_printf_truncate_unsigned</STRONG> (Thumb, 18 bytes, Stack size 0 bytes, _printf_truncate.o(.text))
<BR><BR>[Called By]<UL><LI><a href="#[47]">&gt;&gt;</a>&nbsp;&nbsp;&nbsp;_printf_int_hex
<LI><a href="#[45]">&gt;&gt;</a>&nbsp;&nbsp;&nbsp;_printf_int_oct
<LI><a href="#[41]">&gt;&gt;</a>&nbsp;&nbsp;&nbsp;_printf_int_dec
</UL>

<P><STRONG><a name="[6c]"></a>_printf_str</STRONG> (Thumb, 82 bytes, Stack size 16 bytes, _printf_str.o(.text))
<BR><BR>[Stack]<UL><LI>Max Depth = 32<LI>Call Chain = _printf_str &rArr; _printf_post_padding
</UL>
<BR>[Calls]<UL><LI><a href="#[6e]">&gt;&gt;</a>&nbsp;&nbsp;&nbsp;_printf_post_padding
<LI><a href="#[6d]">&gt;&gt;</a>&nbsp;&nbsp;&nbsp;_printf_pre_padding
</UL>
<BR>[Called By]<UL><LI><a href="#[83]">&gt;&gt;</a>&nbsp;&nbsp;&nbsp;_printf_cs_common
</UL>

<P><STRONG><a name="[41]"></a>_printf_int_dec</STRONG> (Thumb, 104 bytes, Stack size 24 bytes, _printf_dec.o(.text))
<BR><BR>[Stack]<UL><LI>Max Depth = 72<LI>Call Chain = _printf_int_dec &rArr; _printf_int_common &rArr; _printf_post_padding
</UL>
<BR>[Calls]<UL><LI><a href="#[70]">&gt;&gt;</a>&nbsp;&nbsp;&nbsp;_printf_truncate_unsigned
<LI><a href="#[6f]">&gt;&gt;</a>&nbsp;&nbsp;&nbsp;_printf_truncate_signed
<LI><a href="#[71]">&gt;&gt;</a>&nbsp;&nbsp;&nbsp;_printf_int_common
</UL>
<BR>[Called By]<UL><LI><a href="#[43]">&gt;&gt;</a>&nbsp;&nbsp;&nbsp;_printf_u
<LI><a href="#[42]">&gt;&gt;</a>&nbsp;&nbsp;&nbsp;_printf_d
<LI><a href="#[40]">&gt;&gt;</a>&nbsp;&nbsp;&nbsp;_printf_i
</UL>

<P><STRONG><a name="[37]"></a>_printf_charcount</STRONG> (Thumb, 40 bytes, Stack size 0 bytes, _printf_charcount.o(.text))
<BR><BR>[Called By]<UL><LI><a href="#[36]">&gt;&gt;</a>&nbsp;&nbsp;&nbsp;_printf_n
</UL>

<P><STRONG><a name="[69]"></a>_printf_char_common</STRONG> (Thumb, 32 bytes, Stack size 64 bytes, _printf_char_common.o(.text))
<BR><BR>[Stack]<UL><LI>Max Depth = 104 + Unknown Stack Size
<LI>Call Chain = _printf_char_common &rArr; __printf
</UL>
<BR>[Calls]<UL><LI><a href="#[72]">&gt;&gt;</a>&nbsp;&nbsp;&nbsp;__printf
</UL>
<BR>[Called By]<UL><LI><a href="#[68]">&gt;&gt;</a>&nbsp;&nbsp;&nbsp;vsnprintf
</UL>

<P><STRONG><a name="[32]"></a>_snputc</STRONG> (Thumb, 16 bytes, Stack size 0 bytes, _snputc.o(.text))
<BR>[Address Reference Count : 1]<UL><LI> vsnprintf.o(.text)
</UL>
<P><STRONG><a name="[73]"></a>_printf_wctomb</STRONG> (Thumb, 182 bytes, Stack size 56 bytes, _printf_wctomb.o(.text))
<BR><BR>[Stack]<UL><LI>Max Depth = 80<LI>Call Chain = _printf_wctomb &rArr; _wcrtomb
</UL>
<BR>[Calls]<UL><LI><a href="#[6e]">&gt;&gt;</a>&nbsp;&nbsp;&nbsp;_printf_post_padding
<LI><a href="#[6d]">&gt;&gt;</a>&nbsp;&nbsp;&nbsp;_printf_pre_padding
<LI><a href="#[74]">&gt;&gt;</a>&nbsp;&nbsp;&nbsp;_wcrtomb
</UL>
<BR>[Called By]<UL><LI><a href="#[84]">&gt;&gt;</a>&nbsp;&nbsp;&nbsp;_printf_lcs_common
</UL>

<P><STRONG><a name="[49]"></a>_printf_longlong_dec</STRONG> (Thumb, 108 bytes, Stack size 24 bytes, _printf_longlong_dec.o(.text))
<BR><BR>[Stack]<UL><LI>Max Depth = 72<LI>Call Chain = _printf_longlong_dec &rArr; _printf_int_common &rArr; _printf_post_padding
</UL>
<BR>[Calls]<UL><LI><a href="#[71]">&gt;&gt;</a>&nbsp;&nbsp;&nbsp;_printf_int_common
<LI><a href="#[75]">&gt;&gt;</a>&nbsp;&nbsp;&nbsp;_ll_udiv10
</UL>
<BR>[Called By]<UL><LI><a href="#[4b]">&gt;&gt;</a>&nbsp;&nbsp;&nbsp;_printf_llu
<LI><a href="#[4a]">&gt;&gt;</a>&nbsp;&nbsp;&nbsp;_printf_lld
<LI><a href="#[48]">&gt;&gt;</a>&nbsp;&nbsp;&nbsp;_printf_lli
</UL>

<P><STRONG><a name="[76]"></a>_printf_longlong_oct</STRONG> (Thumb, 68 bytes, Stack size 8 bytes, _printf_oct_int_ll.o(.text))
<BR><BR>[Stack]<UL><LI>Max Depth = 56<LI>Call Chain = _printf_longlong_oct &rArr; _printf_int_common &rArr; _printf_post_padding
</UL>
<BR>[Calls]<UL><LI><a href="#[71]">&gt;&gt;</a>&nbsp;&nbsp;&nbsp;_printf_int_common
</UL>
<BR>[Called By]<UL><LI><a href="#[4d]">&gt;&gt;</a>&nbsp;&nbsp;&nbsp;_printf_ll_oct
<LI><a href="#[45]">&gt;&gt;</a>&nbsp;&nbsp;&nbsp;_printf_int_oct
</UL>

<P><STRONG><a name="[45]"></a>_printf_int_oct</STRONG> (Thumb, 24 bytes, Stack size 8 bytes, _printf_oct_int_ll.o(.text))
<BR><BR>[Stack]<UL><LI>Max Depth = 64<LI>Call Chain = _printf_int_oct &rArr; _printf_longlong_oct &rArr; _printf_int_common &rArr; _printf_post_padding
</UL>
<BR>[Calls]<UL><LI><a href="#[76]">&gt;&gt;</a>&nbsp;&nbsp;&nbsp;_printf_longlong_oct
<LI><a href="#[70]">&gt;&gt;</a>&nbsp;&nbsp;&nbsp;_printf_truncate_unsigned
</UL>
<BR>[Called By]<UL><LI><a href="#[44]">&gt;&gt;</a>&nbsp;&nbsp;&nbsp;_printf_o
</UL>

<P><STRONG><a name="[4d]"></a>_printf_ll_oct</STRONG> (Thumb, 12 bytes, Stack size 0 bytes, _printf_oct_int_ll.o(.text))
<BR><BR>[Stack]<UL><LI>Max Depth = 56<LI>Call Chain = _printf_ll_oct &rArr; _printf_longlong_oct &rArr; _printf_int_common &rArr; _printf_post_padding
</UL>
<BR>[Calls]<UL><LI><a href="#[76]">&gt;&gt;</a>&nbsp;&nbsp;&nbsp;_printf_longlong_oct
</UL>
<BR>[Called By]<UL><LI><a href="#[4c]">&gt;&gt;</a>&nbsp;&nbsp;&nbsp;_printf_llo
</UL>

<P><STRONG><a name="[77]"></a>_printf_longlong_hex</STRONG> (Thumb, 86 bytes, Stack size 16 bytes, _printf_hex_int_ll_ptr.o(.text))
<BR><BR>[Stack]<UL><LI>Max Depth = 64<LI>Call Chain = _printf_longlong_hex &rArr; _printf_int_common &rArr; _printf_post_padding
</UL>
<BR>[Calls]<UL><LI><a href="#[71]">&gt;&gt;</a>&nbsp;&nbsp;&nbsp;_printf_int_common
</UL>
<BR>[Called By]<UL><LI><a href="#[39]">&gt;&gt;</a>&nbsp;&nbsp;&nbsp;_printf_hex_ptr
<LI><a href="#[4f]">&gt;&gt;</a>&nbsp;&nbsp;&nbsp;_printf_ll_hex
<LI><a href="#[47]">&gt;&gt;</a>&nbsp;&nbsp;&nbsp;_printf_int_hex
</UL>

<P><STRONG><a name="[47]"></a>_printf_int_hex</STRONG> (Thumb, 28 bytes, Stack size 16 bytes, _printf_hex_int_ll_ptr.o(.text))
<BR><BR>[Stack]<UL><LI>Max Depth = 80<LI>Call Chain = _printf_int_hex &rArr; _printf_longlong_hex &rArr; _printf_int_common &rArr; _printf_post_padding
</UL>
<BR>[Calls]<UL><LI><a href="#[77]">&gt;&gt;</a>&nbsp;&nbsp;&nbsp;_printf_longlong_hex
<LI><a href="#[70]">&gt;&gt;</a>&nbsp;&nbsp;&nbsp;_printf_truncate_unsigned
</UL>
<BR>[Called By]<UL><LI><a href="#[46]">&gt;&gt;</a>&nbsp;&nbsp;&nbsp;_printf_x
</UL>

<P><STRONG><a name="[4f]"></a>_printf_ll_hex</STRONG> (Thumb, 12 bytes, Stack size 0 bytes, _printf_hex_int_ll_ptr.o(.text))
<BR><BR>[Stack]<UL><LI>Max Depth = 64<LI>Call Chain = _printf_ll_hex &rArr; _printf_longlong_hex &rArr; _printf_int_common &rArr; _printf_post_padding
</UL>
<BR>[Calls]<UL><LI><a href="#[77]">&gt;&gt;</a>&nbsp;&nbsp;&nbsp;_printf_longlong_hex
</UL>
<BR>[Called By]<UL><LI><a href="#[4e]">&gt;&gt;</a>&nbsp;&nbsp;&nbsp;_printf_llx
</UL>

<P><STRONG><a name="[39]"></a>_printf_hex_ptr</STRONG> (Thumb, 18 bytes, Stack size 0 bytes, _printf_hex_int_ll_ptr.o(.text))
<BR><BR>[Stack]<UL><LI>Max Depth = 64<LI>Call Chain = _printf_hex_ptr &rArr; _printf_longlong_hex &rArr; _printf_int_common &rArr; _printf_post_padding
</UL>
<BR>[Calls]<UL><LI><a href="#[77]">&gt;&gt;</a>&nbsp;&nbsp;&nbsp;_printf_longlong_hex
</UL>
<BR>[Called By]<UL><LI><a href="#[38]">&gt;&gt;</a>&nbsp;&nbsp;&nbsp;_printf_p
</UL>

<P><STRONG><a name="[72]"></a>__printf</STRONG> (Thumb, 388 bytes, Stack size 40 bytes, __printf_flags_ss_wp.o(.text))
<BR><BR>[Stack]<UL><LI>Max Depth = 40 + Unknown Stack Size
<LI>Call Chain = __printf
</UL>
<BR>[Calls]<UL><LI><a href="#[78]">&gt;&gt;</a>&nbsp;&nbsp;&nbsp;_is_digit
<LI><a href="#[79]">&gt;&gt;</a>&nbsp;&nbsp;&nbsp;_printf_percent
</UL>
<BR>[Called By]<UL><LI><a href="#[69]">&gt;&gt;</a>&nbsp;&nbsp;&nbsp;_printf_char_common
</UL>

<P><STRONG><a name="[75]"></a>_ll_udiv10</STRONG> (Thumb, 138 bytes, Stack size 12 bytes, lludiv10.o(.text))
<BR><BR>[Stack]<UL><LI>Max Depth = 12<LI>Call Chain = _ll_udiv10
</UL>
<BR>[Called By]<UL><LI><a href="#[49]">&gt;&gt;</a>&nbsp;&nbsp;&nbsp;_printf_longlong_dec
<LI><a href="#[7a]">&gt;&gt;</a>&nbsp;&nbsp;&nbsp;_fp_digits
</UL>

<P><STRONG><a name="[71]"></a>_printf_int_common</STRONG> (Thumb, 178 bytes, Stack size 32 bytes, _printf_intcommon.o(.text))
<BR><BR>[Stack]<UL><LI>Max Depth = 48<LI>Call Chain = _printf_int_common &rArr; _printf_post_padding
</UL>
<BR>[Calls]<UL><LI><a href="#[6e]">&gt;&gt;</a>&nbsp;&nbsp;&nbsp;_printf_post_padding
<LI><a href="#[6d]">&gt;&gt;</a>&nbsp;&nbsp;&nbsp;_printf_pre_padding
</UL>
<BR>[Called By]<UL><LI><a href="#[77]">&gt;&gt;</a>&nbsp;&nbsp;&nbsp;_printf_longlong_hex
<LI><a href="#[76]">&gt;&gt;</a>&nbsp;&nbsp;&nbsp;_printf_longlong_oct
<LI><a href="#[49]">&gt;&gt;</a>&nbsp;&nbsp;&nbsp;_printf_longlong_dec
<LI><a href="#[41]">&gt;&gt;</a>&nbsp;&nbsp;&nbsp;_printf_int_dec
</UL>

<P><STRONG><a name="[7f]"></a>_printf_fp_dec_real</STRONG> (Thumb, 620 bytes, Stack size 104 bytes, _printf_fp_dec.o(.text))
<BR><BR>[Stack]<UL><LI>Max Depth = 324<LI>Call Chain = _printf_fp_dec_real &rArr; _fp_digits &rArr; _btod_etento &rArr; _btod_emul &rArr; _e2e
</UL>
<BR>[Calls]<UL><LI><a href="#[6e]">&gt;&gt;</a>&nbsp;&nbsp;&nbsp;_printf_post_padding
<LI><a href="#[6d]">&gt;&gt;</a>&nbsp;&nbsp;&nbsp;_printf_pre_padding
<LI><a href="#[80]">&gt;&gt;</a>&nbsp;&nbsp;&nbsp;__ARM_fpclassify
<LI><a href="#[81]">&gt;&gt;</a>&nbsp;&nbsp;&nbsp;_printf_fp_infnan
<LI><a href="#[5b]">&gt;&gt;</a>&nbsp;&nbsp;&nbsp;__rt_locale
<LI><a href="#[7a]">&gt;&gt;</a>&nbsp;&nbsp;&nbsp;_fp_digits
</UL>
<BR>[Called By]<UL><LI><a href="#[3b]">&gt;&gt;</a>&nbsp;&nbsp;&nbsp;_printf_fp_dec
</UL>

<P><STRONG><a name="[82]"></a>_printf_fp_hex_real</STRONG> (Thumb, 756 bytes, Stack size 72 bytes, _printf_fp_hex.o(.text))
<BR><BR>[Stack]<UL><LI>Max Depth = 112<LI>Call Chain = _printf_fp_hex_real &rArr; _printf_fp_infnan &rArr; _printf_post_padding
</UL>
<BR>[Calls]<UL><LI><a href="#[6e]">&gt;&gt;</a>&nbsp;&nbsp;&nbsp;_printf_post_padding
<LI><a href="#[6d]">&gt;&gt;</a>&nbsp;&nbsp;&nbsp;_printf_pre_padding
<LI><a href="#[80]">&gt;&gt;</a>&nbsp;&nbsp;&nbsp;__ARM_fpclassify
<LI><a href="#[81]">&gt;&gt;</a>&nbsp;&nbsp;&nbsp;_printf_fp_infnan
</UL>
<BR>[Called By]<UL><LI><a href="#[3f]">&gt;&gt;</a>&nbsp;&nbsp;&nbsp;_printf_fp_hex
</UL>

<P><STRONG><a name="[83]"></a>_printf_cs_common</STRONG> (Thumb, 20 bytes, Stack size 8 bytes, _printf_char.o(.text))
<BR><BR>[Stack]<UL><LI>Max Depth = 40<LI>Call Chain = _printf_cs_common &rArr; _printf_str &rArr; _printf_post_padding
</UL>
<BR>[Calls]<UL><LI><a href="#[6c]">&gt;&gt;</a>&nbsp;&nbsp;&nbsp;_printf_str
</UL>
<BR>[Called By]<UL><LI><a href="#[53]">&gt;&gt;</a>&nbsp;&nbsp;&nbsp;_printf_string
<LI><a href="#[51]">&gt;&gt;</a>&nbsp;&nbsp;&nbsp;_printf_char
</UL>

<P><STRONG><a name="[51]"></a>_printf_char</STRONG> (Thumb, 16 bytes, Stack size 0 bytes, _printf_char.o(.text))
<BR><BR>[Stack]<UL><LI>Max Depth = 40<LI>Call Chain = _printf_char &rArr; _printf_cs_common &rArr; _printf_str &rArr; _printf_post_padding
</UL>
<BR>[Calls]<UL><LI><a href="#[83]">&gt;&gt;</a>&nbsp;&nbsp;&nbsp;_printf_cs_common
</UL>
<BR>[Called By]<UL><LI><a href="#[50]">&gt;&gt;</a>&nbsp;&nbsp;&nbsp;_printf_c
</UL>

<P><STRONG><a name="[53]"></a>_printf_string</STRONG> (Thumb, 8 bytes, Stack size 0 bytes, _printf_char.o(.text))
<BR><BR>[Stack]<UL><LI>Max Depth = 40<LI>Call Chain = _printf_string &rArr; _printf_cs_common &rArr; _printf_str &rArr; _printf_post_padding
</UL>
<BR>[Calls]<UL><LI><a href="#[83]">&gt;&gt;</a>&nbsp;&nbsp;&nbsp;_printf_cs_common
</UL>
<BR>[Called By]<UL><LI><a href="#[52]">&gt;&gt;</a>&nbsp;&nbsp;&nbsp;_printf_s
</UL>

<P><STRONG><a name="[84]"></a>_printf_lcs_common</STRONG> (Thumb, 20 bytes, Stack size 8 bytes, _printf_wchar.o(.text))
<BR><BR>[Stack]<UL><LI>Max Depth = 88<LI>Call Chain = _printf_lcs_common &rArr; _printf_wctomb &rArr; _wcrtomb
</UL>
<BR>[Calls]<UL><LI><a href="#[73]">&gt;&gt;</a>&nbsp;&nbsp;&nbsp;_printf_wctomb
</UL>
<BR>[Called By]<UL><LI><a href="#[57]">&gt;&gt;</a>&nbsp;&nbsp;&nbsp;_printf_wstring
<LI><a href="#[55]">&gt;&gt;</a>&nbsp;&nbsp;&nbsp;_printf_wchar
</UL>

<P><STRONG><a name="[55]"></a>_printf_wchar</STRONG> (Thumb, 16 bytes, Stack size 0 bytes, _printf_wchar.o(.text))
<BR><BR>[Stack]<UL><LI>Max Depth = 88<LI>Call Chain = _printf_wchar &rArr; _printf_lcs_common &rArr; _printf_wctomb &rArr; _wcrtomb
</UL>
<BR>[Calls]<UL><LI><a href="#[84]">&gt;&gt;</a>&nbsp;&nbsp;&nbsp;_printf_lcs_common
</UL>
<BR>[Called By]<UL><LI><a href="#[54]">&gt;&gt;</a>&nbsp;&nbsp;&nbsp;_printf_lc
</UL>

<P><STRONG><a name="[57]"></a>_printf_wstring</STRONG> (Thumb, 8 bytes, Stack size 0 bytes, _printf_wchar.o(.text))
<BR><BR>[Stack]<UL><LI>Max Depth = 88<LI>Call Chain = _printf_wstring &rArr; _printf_lcs_common &rArr; _printf_wctomb &rArr; _wcrtomb
</UL>
<BR>[Calls]<UL><LI><a href="#[84]">&gt;&gt;</a>&nbsp;&nbsp;&nbsp;_printf_lcs_common
</UL>
<BR>[Called By]<UL><LI><a href="#[56]">&gt;&gt;</a>&nbsp;&nbsp;&nbsp;_printf_ls
</UL>

<P><STRONG><a name="[85]"></a>_c16rtomb</STRONG> (Thumb, 72 bytes, Stack size 24 bytes, _c16rtomb.o(.text), UNUSED)
<BR><BR>[Calls]<UL><LI><a href="#[86]">&gt;&gt;</a>&nbsp;&nbsp;&nbsp;__rt_ctype_table
</UL>

<P><STRONG><a name="[74]"></a>_wcrtomb</STRONG> (Thumb, 0 bytes, Stack size 24 bytes, _c16rtomb.o(.text))
<BR><BR>[Stack]<UL><LI>Max Depth = 24<LI>Call Chain = _wcrtomb
</UL>
<BR>[Called By]<UL><LI><a href="#[73]">&gt;&gt;</a>&nbsp;&nbsp;&nbsp;_printf_wctomb
</UL>

<P><STRONG><a name="[f2]"></a>__I$use$semihosting</STRONG> (Thumb, 0 bytes, Stack size 0 bytes, use_no_semi.o(.text), UNUSED)

<P><STRONG><a name="[f3]"></a>__use_no_semihosting_swi</STRONG> (Thumb, 2 bytes, Stack size 0 bytes, use_no_semi.o(.text), UNUSED)

<P><STRONG><a name="[f4]"></a>__semihosting_library_function</STRONG> (Thumb, 0 bytes, Stack size unknown bytes, indicate_semi.o(.text), UNUSED)

<P><STRONG><a name="[86]"></a>__rt_ctype_table</STRONG> (Thumb, 16 bytes, Stack size 8 bytes, rt_ctype_table.o(.text), UNUSED)
<BR><BR>[Calls]<UL><LI><a href="#[5b]">&gt;&gt;</a>&nbsp;&nbsp;&nbsp;__rt_locale
</UL>
<BR>[Called By]<UL><LI><a href="#[85]">&gt;&gt;</a>&nbsp;&nbsp;&nbsp;_c16rtomb
</UL>

<P><STRONG><a name="[5b]"></a>__rt_locale</STRONG> (Thumb, 8 bytes, Stack size 0 bytes, rt_locale_intlibspace.o(.text))
<BR><BR>[Called By]<UL><LI><a href="#[86]">&gt;&gt;</a>&nbsp;&nbsp;&nbsp;__rt_ctype_table
<LI><a href="#[7f]">&gt;&gt;</a>&nbsp;&nbsp;&nbsp;_printf_fp_dec_real
<LI><a href="#[5a]">&gt;&gt;</a>&nbsp;&nbsp;&nbsp;__rt_lib_init_lc_common
</UL>

<P><STRONG><a name="[81]"></a>_printf_fp_infnan</STRONG> (Thumb, 112 bytes, Stack size 24 bytes, _printf_fp_infnan.o(.text))
<BR><BR>[Stack]<UL><LI>Max Depth = 40<LI>Call Chain = _printf_fp_infnan &rArr; _printf_post_padding
</UL>
<BR>[Calls]<UL><LI><a href="#[6e]">&gt;&gt;</a>&nbsp;&nbsp;&nbsp;_printf_post_padding
<LI><a href="#[6d]">&gt;&gt;</a>&nbsp;&nbsp;&nbsp;_printf_pre_padding
</UL>
<BR>[Called By]<UL><LI><a href="#[82]">&gt;&gt;</a>&nbsp;&nbsp;&nbsp;_printf_fp_hex_real
<LI><a href="#[7f]">&gt;&gt;</a>&nbsp;&nbsp;&nbsp;_printf_fp_dec_real
</UL>

<P><STRONG><a name="[7b]"></a>_btod_etento</STRONG> (Thumb, 224 bytes, Stack size 72 bytes, bigflt0.o(.text))
<BR><BR>[Stack]<UL><LI>Max Depth = 124<LI>Call Chain = _btod_etento &rArr; _btod_emul &rArr; _e2e
</UL>
<BR>[Calls]<UL><LI><a href="#[7e]">&gt;&gt;</a>&nbsp;&nbsp;&nbsp;_btod_emul
<LI><a href="#[7d]">&gt;&gt;</a>&nbsp;&nbsp;&nbsp;_btod_ediv
</UL>
<BR>[Called By]<UL><LI><a href="#[7a]">&gt;&gt;</a>&nbsp;&nbsp;&nbsp;_fp_digits
</UL>

<P><STRONG><a name="[63]"></a>exit</STRONG> (Thumb, 18 bytes, Stack size 8 bytes, exit.o(.text))
<BR><BR>[Stack]<UL><LI>Max Depth = 8 + Unknown Stack Size
<LI>Call Chain = exit
</UL>
<BR>[Calls]<UL><LI><a href="#[87]">&gt;&gt;</a>&nbsp;&nbsp;&nbsp;__rt_exit
</UL>
<BR>[Called By]<UL><LI><a href="#[61]">&gt;&gt;</a>&nbsp;&nbsp;&nbsp;__rt_entry_main
</UL>

<P><STRONG><a name="[67]"></a>_sys_exit</STRONG> (Thumb, 8 bytes, Stack size 0 bytes, sys_exit.o(.text))
<BR><BR>[Called By]<UL><LI><a href="#[66]">&gt;&gt;</a>&nbsp;&nbsp;&nbsp;__rt_exit_exit
</UL>

<P><STRONG><a name="[b8]"></a>strcmp</STRONG> (Thumb, 124 bytes, Stack size 8 bytes, strcmpv8m_maindsp.o(.text))
<BR><BR>[Stack]<UL><LI>Max Depth = 8<LI>Call Chain = strcmp
</UL>
<BR>[Called By]<UL><LI><a href="#[34]">&gt;&gt;</a>&nbsp;&nbsp;&nbsp;_get_lc_ctype
<LI><a href="#[5e]">&gt;&gt;</a>&nbsp;&nbsp;&nbsp;_get_lc_numeric
</UL>

<P><STRONG><a name="[4]"></a>BusFault_Handler</STRONG> (Thumb, 2 bytes, Stack size 0 bytes, startup_armcm33.o(.text.Default_Handler))
<BR><BR>[Calls]<UL><LI><a href="#[4]">&gt;&gt;</a>&nbsp;&nbsp;&nbsp;BusFault_Handler
</UL>
<BR>[Called By]<UL><LI><a href="#[4]">&gt;&gt;</a>&nbsp;&nbsp;&nbsp;BusFault_Handler
</UL>
<BR>[Address Reference Count : 1]<UL><LI> startup_armcm33.o(RESET)
</UL>
<P><STRONG><a name="[8]"></a>DebugMon_Handler</STRONG> (Thumb, 2 bytes, Stack size 0 bytes, startup_armcm33.o(.text.Default_Handler))
<BR>[Address Reference Count : 1]<UL><LI> startup_armcm33.o(RESET)
</UL>
<P><STRONG><a name="[f5]"></a>Default_Handler</STRONG> (Thumb, 2 bytes, Stack size 0 bytes, startup_armcm33.o(.text.Default_Handler), UNUSED)

<P><STRONG><a name="[b]"></a>Interrupt0_Handler</STRONG> (Thumb, 2 bytes, Stack size 0 bytes, startup_armcm33.o(.text.Default_Handler))
<BR>[Address Reference Count : 1]<UL><LI> startup_armcm33.o(RESET)
</UL>
<P><STRONG><a name="[f6]"></a>Interrupt10_Handler</STRONG> (Thumb, 2 bytes, Stack size 0 bytes, startup_armcm33.o(.text.Default_Handler), UNUSED)

<P><STRONG><a name="[f7]"></a>Interrupt11_Handler</STRONG> (Thumb, 2 bytes, Stack size 0 bytes, startup_armcm33.o(.text.Default_Handler), UNUSED)

<P><STRONG><a name="[f8]"></a>Interrupt12_Handler</STRONG> (Thumb, 2 bytes, Stack size 0 bytes, startup_armcm33.o(.text.Default_Handler), UNUSED)

<P><STRONG><a name="[f9]"></a>Interrupt13_Handler</STRONG> (Thumb, 2 bytes, Stack size 0 bytes, startup_armcm33.o(.text.Default_Handler), UNUSED)

<P><STRONG><a name="[fa]"></a>Interrupt14_Handler</STRONG> (Thumb, 2 bytes, Stack size 0 bytes, startup_armcm33.o(.text.Default_Handler), UNUSED)

<P><STRONG><a name="[fb]"></a>Interrupt15_Handler</STRONG> (Thumb, 2 bytes, Stack size 0 bytes, startup_armcm33.o(.text.Default_Handler), UNUSED)

<P><STRONG><a name="[1b]"></a>Interrupt16_Handler</STRONG> (Thumb, 2 bytes, Stack size 0 bytes, startup_armcm33.o(.text.Default_Handler))
<BR>[Address Reference Count : 1]<UL><LI> startup_armcm33.o(RESET)
</UL>
<P><STRONG><a name="[1c]"></a>Interrupt17_Handler</STRONG> (Thumb, 2 bytes, Stack size 0 bytes, startup_armcm33.o(.text.Default_Handler))
<BR>[Address Reference Count : 1]<UL><LI> startup_armcm33.o(RESET)
</UL>
<P><STRONG><a name="[1d]"></a>Interrupt18_Handler</STRONG> (Thumb, 2 bytes, Stack size 0 bytes, startup_armcm33.o(.text.Default_Handler))
<BR>[Address Reference Count : 1]<UL><LI> startup_armcm33.o(RESET)
</UL>
<P><STRONG><a name="[1e]"></a>Interrupt19_Handler</STRONG> (Thumb, 2 bytes, Stack size 0 bytes, startup_armcm33.o(.text.Default_Handler))
<BR>[Address Reference Count : 1]<UL><LI> startup_armcm33.o(RESET)
</UL>
<P><STRONG><a name="[c]"></a>Interrupt1_Handler</STRONG> (Thumb, 2 bytes, Stack size 0 bytes, startup_armcm33.o(.text.Default_Handler))
<BR>[Address Reference Count : 1]<UL><LI> startup_armcm33.o(RESET)
</UL>
<P><STRONG><a name="[1f]"></a>Interrupt20_Handler</STRONG> (Thumb, 2 bytes, Stack size 0 bytes, startup_armcm33.o(.text.Default_Handler))
<BR>[Address Reference Count : 1]<UL><LI> startup_armcm33.o(RESET)
</UL>
<P><STRONG><a name="[fc]"></a>Interrupt21_Handler</STRONG> (Thumb, 2 bytes, Stack size 0 bytes, startup_armcm33.o(.text.Default_Handler), UNUSED)

<P><STRONG><a name="[fd]"></a>Interrupt22_Handler</STRONG> (Thumb, 2 bytes, Stack size 0 bytes, startup_armcm33.o(.text.Default_Handler), UNUSED)

<P><STRONG><a name="[fe]"></a>Interrupt23_Handler</STRONG> (Thumb, 2 bytes, Stack size 0 bytes, startup_armcm33.o(.text.Default_Handler), UNUSED)

<P><STRONG><a name="[ff]"></a>Interrupt24_Handler</STRONG> (Thumb, 2 bytes, Stack size 0 bytes, startup_armcm33.o(.text.Default_Handler), UNUSED)

<P><STRONG><a name="[100]"></a>Interrupt25_Handler</STRONG> (Thumb, 2 bytes, Stack size 0 bytes, startup_armcm33.o(.text.Default_Handler), UNUSED)

<P><STRONG><a name="[101]"></a>Interrupt26_Handler</STRONG> (Thumb, 2 bytes, Stack size 0 bytes, startup_armcm33.o(.text.Default_Handler), UNUSED)

<P><STRONG><a name="[102]"></a>Interrupt27_Handler</STRONG> (Thumb, 2 bytes, Stack size 0 bytes, startup_armcm33.o(.text.Default_Handler), UNUSED)

<P><STRONG><a name="[103]"></a>Interrupt28_Handler</STRONG> (Thumb, 2 bytes, Stack size 0 bytes, startup_armcm33.o(.text.Default_Handler), UNUSED)

<P><STRONG><a name="[104]"></a>Interrupt29_Handler</STRONG> (Thumb, 2 bytes, Stack size 0 bytes, startup_armcm33.o(.text.Default_Handler), UNUSED)

<P><STRONG><a name="[105]"></a>Interrupt2_Handler</STRONG> (Thumb, 2 bytes, Stack size 0 bytes, startup_armcm33.o(.text.Default_Handler), UNUSED)

<P><STRONG><a name="[106]"></a>Interrupt30_Handler</STRONG> (Thumb, 2 bytes, Stack size 0 bytes, startup_armcm33.o(.text.Default_Handler), UNUSED)

<P><STRONG><a name="[107]"></a>Interrupt31_Handler</STRONG> (Thumb, 2 bytes, Stack size 0 bytes, startup_armcm33.o(.text.Default_Handler), UNUSED)

<P><STRONG><a name="[108]"></a>Interrupt32_Handler</STRONG> (Thumb, 2 bytes, Stack size 0 bytes, startup_armcm33.o(.text.Default_Handler), UNUSED)

<P><STRONG><a name="[109]"></a>Interrupt33_Handler</STRONG> (Thumb, 2 bytes, Stack size 0 bytes, startup_armcm33.o(.text.Default_Handler), UNUSED)

<P><STRONG><a name="[10a]"></a>Interrupt34_Handler</STRONG> (Thumb, 2 bytes, Stack size 0 bytes, startup_armcm33.o(.text.Default_Handler), UNUSED)

<P><STRONG><a name="[2e]"></a>Interrupt35_Handler</STRONG> (Thumb, 2 bytes, Stack size 0 bytes, startup_armcm33.o(.text.Default_Handler))
<BR>[Address Reference Count : 1]<UL><LI> startup_armcm33.o(RESET)
</UL>
<P><STRONG><a name="[2f]"></a>Interrupt36_Handler</STRONG> (Thumb, 2 bytes, Stack size 0 bytes, startup_armcm33.o(.text.Default_Handler))
<BR>[Address Reference Count : 1]<UL><LI> startup_armcm33.o(RESET)
</UL>
<P><STRONG><a name="[30]"></a>Interrupt37_Handler</STRONG> (Thumb, 2 bytes, Stack size 0 bytes, startup_armcm33.o(.text.Default_Handler))
<BR>[Address Reference Count : 1]<UL><LI> startup_armcm33.o(RESET)
</UL>
<P><STRONG><a name="[31]"></a>Interrupt38_Handler</STRONG> (Thumb, 2 bytes, Stack size 0 bytes, startup_armcm33.o(.text.Default_Handler))
<BR>[Address Reference Count : 1]<UL><LI> startup_armcm33.o(RESET)
</UL>
<P><STRONG><a name="[10b]"></a>Interrupt3_Handler</STRONG> (Thumb, 2 bytes, Stack size 0 bytes, startup_armcm33.o(.text.Default_Handler), UNUSED)

<P><STRONG><a name="[10c]"></a>Interrupt4_Handler</STRONG> (Thumb, 2 bytes, Stack size 0 bytes, startup_armcm33.o(.text.Default_Handler), UNUSED)

<P><STRONG><a name="[10d]"></a>Interrupt5_Handler</STRONG> (Thumb, 2 bytes, Stack size 0 bytes, startup_armcm33.o(.text.Default_Handler), UNUSED)

<P><STRONG><a name="[10e]"></a>Interrupt6_Handler</STRONG> (Thumb, 2 bytes, Stack size 0 bytes, startup_armcm33.o(.text.Default_Handler), UNUSED)

<P><STRONG><a name="[10f]"></a>Interrupt7_Handler</STRONG> (Thumb, 2 bytes, Stack size 0 bytes, startup_armcm33.o(.text.Default_Handler), UNUSED)

<P><STRONG><a name="[110]"></a>Interrupt8_Handler</STRONG> (Thumb, 2 bytes, Stack size 0 bytes, startup_armcm33.o(.text.Default_Handler), UNUSED)

<P><STRONG><a name="[111]"></a>Interrupt9_Handler</STRONG> (Thumb, 2 bytes, Stack size 0 bytes, startup_armcm33.o(.text.Default_Handler), UNUSED)

<P><STRONG><a name="[3]"></a>MemManage_Handler</STRONG> (Thumb, 2 bytes, Stack size 0 bytes, startup_armcm33.o(.text.Default_Handler))
<BR>[Address Reference Count : 1]<UL><LI> startup_armcm33.o(RESET)
</UL>
<P><STRONG><a name="[9]"></a>PendSV_Handler</STRONG> (Thumb, 2 bytes, Stack size 0 bytes, startup_armcm33.o(.text.Default_Handler))
<BR>[Address Reference Count : 1]<UL><LI> startup_armcm33.o(RESET)
</UL>
<P><STRONG><a name="[7]"></a>SVC_Handler</STRONG> (Thumb, 2 bytes, Stack size 0 bytes, startup_armcm33.o(.text.Default_Handler))
<BR>[Address Reference Count : 1]<UL><LI> startup_armcm33.o(RESET)
</UL>
<P><STRONG><a name="[6]"></a>SecureFault_Handler</STRONG> (Thumb, 2 bytes, Stack size 0 bytes, startup_armcm33.o(.text.Default_Handler))
<BR>[Address Reference Count : 1]<UL><LI> startup_armcm33.o(RESET)
</UL>
<P><STRONG><a name="[5]"></a>UsageFault_Handler</STRONG> (Thumb, 2 bytes, Stack size 0 bytes, startup_armcm33.o(.text.Default_Handler))
<BR>[Address Reference Count : 1]<UL><LI> startup_armcm33.o(RESET)
</UL>
<P><STRONG><a name="[2]"></a>HardFault_Handler</STRONG> (Thumb, 2 bytes, Stack size 0 bytes, startup_armcm33.o(.text.HardFault_Handler))
<BR><BR>[Calls]<UL><LI><a href="#[2]">&gt;&gt;</a>&nbsp;&nbsp;&nbsp;HardFault_Handler
</UL>
<BR>[Called By]<UL><LI><a href="#[2]">&gt;&gt;</a>&nbsp;&nbsp;&nbsp;HardFault_Handler
</UL>
<BR>[Address Reference Count : 1]<UL><LI> startup_armcm33.o(RESET)
</UL>
<P><STRONG><a name="[1]"></a>NMI_Handler</STRONG> (Thumb, 40 bytes, Stack size 8 bytes, cb_wdt.o(.text.NMI_Handler))
<BR><BR>[Stack]<UL><LI>Max Depth = 16<LI>Call Chain = NMI_Handler &rArr; cb_wdt_nmi_app_irq_callback
</UL>
<BR>[Calls]<UL><LI><a href="#[88]">&gt;&gt;</a>&nbsp;&nbsp;&nbsp;cb_wdt_nmi_app_irq_callback
</UL>
<BR>[Address Reference Count : 1]<UL><LI> startup_armcm33.o(RESET)
</UL>
<P><STRONG><a name="[0]"></a>Reset_Handler</STRONG> (Thumb, 40 bytes, Stack size 0 bytes, startup_armcm33.o(.text.Reset_Handler))
<BR><BR>[Calls]<UL><LI><a href="#[8a]">&gt;&gt;</a>&nbsp;&nbsp;&nbsp;SysTick_Init
<LI><a href="#[89]">&gt;&gt;</a>&nbsp;&nbsp;&nbsp;SystemInit
<LI><a href="#[35]">&gt;&gt;</a>&nbsp;&nbsp;&nbsp;__main
</UL>
<BR>[Address Reference Count : 1]<UL><LI> startup_armcm33.o(RESET)
</UL>
<P><STRONG><a name="[a]"></a>SysTick_Handler</STRONG> (Thumb, 16 bytes, Stack size 0 bytes, startup_armcm33.o(.text.SysTick_Handler))
<BR>[Address Reference Count : 1]<UL><LI> startup_armcm33.o(RESET)
</UL>
<P><STRONG><a name="[8a]"></a>SysTick_Init</STRONG> (Thumb, 70 bytes, Stack size 0 bytes, startup_armcm33.o(.text.SysTick_Init))
<BR><BR>[Called By]<UL><LI><a href="#[0]">&gt;&gt;</a>&nbsp;&nbsp;&nbsp;Reset_Handler
</UL>

<P><STRONG><a name="[89]"></a>SystemInit</STRONG> (Thumb, 48 bytes, Stack size 0 bytes, system_armcm33.o(.text.SystemInit))
<BR><BR>[Called By]<UL><LI><a href="#[0]">&gt;&gt;</a>&nbsp;&nbsp;&nbsp;Reset_Handler
</UL>

<P><STRONG><a name="[8b]"></a>app_adc_test_original_value</STRONG> (Thumb, 168 bytes, Stack size 16 bytes, app_adc.o(.text.app_adc_test_original_value))
<BR><BR>[Stack]<UL><LI>Max Depth = 448 + Unknown Stack Size
<LI>Call Chain = app_adc_test_original_value &rArr; app_uart_printf &rArr; vsnprintf &rArr; _printf_char_common &rArr; __printf
</UL>
<BR>[Calls]<UL><LI><a href="#[8c]">&gt;&gt;</a>&nbsp;&nbsp;&nbsp;cb_eadc_get_original_value
<LI><a href="#[91]">&gt;&gt;</a>&nbsp;&nbsp;&nbsp;cb_system_delay_in_ms
<LI><a href="#[90]">&gt;&gt;</a>&nbsp;&nbsp;&nbsp;app_uart_printf
<LI><a href="#[8d]">&gt;&gt;</a>&nbsp;&nbsp;&nbsp;__aeabi_f2d
<LI><a href="#[8e]">&gt;&gt;</a>&nbsp;&nbsp;&nbsp;__aeabi_dmul
<LI><a href="#[8f]">&gt;&gt;</a>&nbsp;&nbsp;&nbsp;__aeabi_d2f
</UL>
<BR>[Called By]<UL><LI><a href="#[62]">&gt;&gt;</a>&nbsp;&nbsp;&nbsp;main
</UL>

<P><STRONG><a name="[a0]"></a>app_uart_0_rxb_full_callback</STRONG> (Thumb, 2 bytes, Stack size 0 bytes, app_uart.o(.text.app_uart_0_rxb_full_callback))
<BR><BR>[Called By]<UL><LI><a href="#[9e]">&gt;&gt;</a>&nbsp;&nbsp;&nbsp;cb_uart_0_rxb_full_app_irq_callback
</UL>

<P><STRONG><a name="[92]"></a>app_uart_init</STRONG> (Thumb, 126 bytes, Stack size 24 bytes, app_uart.o(.text.app_uart_init))
<BR><BR>[Stack]<UL><LI>Max Depth = 44<LI>Call Chain = app_uart_init &rArr; cb_uart_init
</UL>
<BR>[Calls]<UL><LI><a href="#[95]">&gt;&gt;</a>&nbsp;&nbsp;&nbsp;cb_uart_init
<LI><a href="#[94]">&gt;&gt;</a>&nbsp;&nbsp;&nbsp;cb_iomux_config
<LI><a href="#[93]">&gt;&gt;</a>&nbsp;&nbsp;&nbsp;cb_scr_uart0_module_on
</UL>
<BR>[Called By]<UL><LI><a href="#[62]">&gt;&gt;</a>&nbsp;&nbsp;&nbsp;main
</UL>

<P><STRONG><a name="[90]"></a>app_uart_printf</STRONG> (Thumb, 98 bytes, Stack size 304 bytes, app_uart.o(.text.app_uart_printf))
<BR><BR>[Stack]<UL><LI>Max Depth = 432 + Unknown Stack Size
<LI>Call Chain = app_uart_printf &rArr; vsnprintf &rArr; _printf_char_common &rArr; __printf
</UL>
<BR>[Calls]<UL><LI><a href="#[98]">&gt;&gt;</a>&nbsp;&nbsp;&nbsp;cb_uart_transmit
<LI><a href="#[96]">&gt;&gt;</a>&nbsp;&nbsp;&nbsp;cb_uart_is_tx_busy
<LI><a href="#[97]">&gt;&gt;</a>&nbsp;&nbsp;&nbsp;strlen
<LI><a href="#[68]">&gt;&gt;</a>&nbsp;&nbsp;&nbsp;vsnprintf
</UL>
<BR>[Called By]<UL><LI><a href="#[8b]">&gt;&gt;</a>&nbsp;&nbsp;&nbsp;app_adc_test_original_value
</UL>

<P><STRONG><a name="[99]"></a>cb_crc_app_irq_callback</STRONG> (Thumb, 30 bytes, Stack size 8 bytes, appsysirqcallback.o(.text.cb_crc_app_irq_callback))
<BR><BR>[Stack]<UL><LI>Max Depth = 8<LI>Call Chain = cb_crc_app_irq_callback
</UL>
<BR>[Called By]<UL><LI><a href="#[11]">&gt;&gt;</a>&nbsp;&nbsp;&nbsp;cb_crc_irqhandler
</UL>

<P><STRONG><a name="[11]"></a>cb_crc_irqhandler</STRONG> (Thumb, 70 bytes, Stack size 0 bytes, cb_crc.o(.text.cb_crc_irqhandler))
<BR><BR>[Stack]<UL><LI>Max Depth = 8<LI>Call Chain = cb_crc_irqhandler &rArr; cb_crc_app_irq_callback
</UL>
<BR>[Calls]<UL><LI><a href="#[99]">&gt;&gt;</a>&nbsp;&nbsp;&nbsp;cb_crc_app_irq_callback
</UL>
<BR>[Address Reference Count : 1]<UL><LI> startup_armcm33.o(RESET)
</UL>
<P><STRONG><a name="[e]"></a>cb_crypto_irqhandler</STRONG> (Thumb, 2 bytes, Stack size 0 bytes, startup_armcm33.o(.text.cb_crypto_irqhandler))
<BR><BR>[Calls]<UL><LI><a href="#[e]">&gt;&gt;</a>&nbsp;&nbsp;&nbsp;cb_crypto_irqhandler
</UL>
<BR>[Called By]<UL><LI><a href="#[e]">&gt;&gt;</a>&nbsp;&nbsp;&nbsp;cb_crypto_irqhandler
</UL>
<BR>[Address Reference Count : 1]<UL><LI> startup_armcm33.o(RESET)
</UL>
<P><STRONG><a name="[d]"></a>cb_dma_irqhandler</STRONG> (Thumb, 2 bytes, Stack size 0 bytes, startup_armcm33.o(.text.cb_dma_irqhandler))
<BR><BR>[Calls]<UL><LI><a href="#[d]">&gt;&gt;</a>&nbsp;&nbsp;&nbsp;cb_dma_irqhandler
</UL>
<BR>[Called By]<UL><LI><a href="#[d]">&gt;&gt;</a>&nbsp;&nbsp;&nbsp;cb_dma_irqhandler
</UL>
<BR>[Address Reference Count : 1]<UL><LI> startup_armcm33.o(RESET)
</UL>
<P><STRONG><a name="[8c]"></a>cb_eadc_get_original_value</STRONG> (Thumb, 4 bytes, Stack size 0 bytes, cb_adc.o(.text.cb_eadc_get_original_value))
<BR><BR>[Stack]<UL><LI>Max Depth = 24<LI>Call Chain = cb_eadc_get_original_value &rArr; cb_scr_eadc_measure_ain &rArr; cb_hal_delay_in_ms
</UL>
<BR>[Calls]<UL><LI><a href="#[9a]">&gt;&gt;</a>&nbsp;&nbsp;&nbsp;cb_scr_eadc_measure_ain
</UL>
<BR>[Called By]<UL><LI><a href="#[8b]">&gt;&gt;</a>&nbsp;&nbsp;&nbsp;app_adc_test_original_value
</UL>

<P><STRONG><a name="[9b]"></a>cb_gpio_app_irq_callback</STRONG> (Thumb, 30 bytes, Stack size 8 bytes, appsysirqcallback.o(.text.cb_gpio_app_irq_callback))
<BR><BR>[Stack]<UL><LI>Max Depth = 8<LI>Call Chain = cb_gpio_app_irq_callback
</UL>
<BR>[Called By]<UL><LI><a href="#[12]">&gt;&gt;</a>&nbsp;&nbsp;&nbsp;cb_gpio_irqhandler
</UL>

<P><STRONG><a name="[12]"></a>cb_gpio_irqhandler</STRONG> (Thumb, 16 bytes, Stack size 0 bytes, cb_gpio.o(.text.cb_gpio_irqhandler))
<BR><BR>[Stack]<UL><LI>Max Depth = 8<LI>Call Chain = cb_gpio_irqhandler &rArr; cb_gpio_app_irq_callback
</UL>
<BR>[Calls]<UL><LI><a href="#[9b]">&gt;&gt;</a>&nbsp;&nbsp;&nbsp;cb_gpio_app_irq_callback
</UL>
<BR>[Address Reference Count : 1]<UL><LI> startup_armcm33.o(RESET)
</UL>
<P><STRONG><a name="[9d]"></a>cb_hal_delay_in_ms</STRONG> (Thumb, 106 bytes, Stack size 8 bytes, nonlib_sharedutils.o(.text.cb_hal_delay_in_ms))
<BR><BR>[Stack]<UL><LI>Max Depth = 8<LI>Call Chain = cb_hal_delay_in_ms
</UL>
<BR>[Called By]<UL><LI><a href="#[9a]">&gt;&gt;</a>&nbsp;&nbsp;&nbsp;cb_scr_eadc_measure_ain
<LI><a href="#[91]">&gt;&gt;</a>&nbsp;&nbsp;&nbsp;cb_system_delay_in_ms
</UL>

<P><STRONG><a name="[9c]"></a>cb_hal_delay_in_us</STRONG> (Thumb, 114 bytes, Stack size 8 bytes, nonlib_sharedutils.o(.text.cb_hal_delay_in_us))
<BR><BR>[Stack]<UL><LI>Max Depth = 8<LI>Call Chain = cb_hal_delay_in_us
</UL>
<BR>[Called By]<UL><LI><a href="#[9a]">&gt;&gt;</a>&nbsp;&nbsp;&nbsp;cb_scr_eadc_measure_ain
</UL>

<P><STRONG><a name="[16]"></a>cb_i2c_irqhandler</STRONG> (Thumb, 2 bytes, Stack size 0 bytes, startup_armcm33.o(.text.cb_i2c_irqhandler))
<BR><BR>[Calls]<UL><LI><a href="#[16]">&gt;&gt;</a>&nbsp;&nbsp;&nbsp;cb_i2c_irqhandler
</UL>
<BR>[Called By]<UL><LI><a href="#[16]">&gt;&gt;</a>&nbsp;&nbsp;&nbsp;cb_i2c_irqhandler
</UL>
<BR>[Address Reference Count : 1]<UL><LI> startup_armcm33.o(RESET)
</UL>
<P><STRONG><a name="[94]"></a>cb_iomux_config</STRONG> (Thumb, 44 bytes, Stack size 0 bytes, cb_iomux.o(.text.cb_iomux_config))
<BR><BR>[Called By]<UL><LI><a href="#[92]">&gt;&gt;</a>&nbsp;&nbsp;&nbsp;app_uart_init
</UL>

<P><STRONG><a name="[f]"></a>cb_pka_irqhandler</STRONG> (Thumb, 2 bytes, Stack size 0 bytes, startup_armcm33.o(.text.cb_pka_irqhandler))
<BR><BR>[Calls]<UL><LI><a href="#[f]">&gt;&gt;</a>&nbsp;&nbsp;&nbsp;cb_pka_irqhandler
</UL>
<BR>[Called By]<UL><LI><a href="#[f]">&gt;&gt;</a>&nbsp;&nbsp;&nbsp;cb_pka_irqhandler
</UL>
<BR>[Address Reference Count : 1]<UL><LI> startup_armcm33.o(RESET)
</UL>
<P><STRONG><a name="[9a]"></a>cb_scr_eadc_measure_ain</STRONG> (Thumb, 92 bytes, Stack size 16 bytes, cb_scr.o(.text.cb_scr_eadc_measure_ain))
<BR><BR>[Stack]<UL><LI>Max Depth = 24<LI>Call Chain = cb_scr_eadc_measure_ain &rArr; cb_hal_delay_in_ms
</UL>
<BR>[Calls]<UL><LI><a href="#[9d]">&gt;&gt;</a>&nbsp;&nbsp;&nbsp;cb_hal_delay_in_ms
<LI><a href="#[9c]">&gt;&gt;</a>&nbsp;&nbsp;&nbsp;cb_hal_delay_in_us
</UL>
<BR>[Called By]<UL><LI><a href="#[8c]">&gt;&gt;</a>&nbsp;&nbsp;&nbsp;cb_eadc_get_original_value
</UL>

<P><STRONG><a name="[93]"></a>cb_scr_uart0_module_on</STRONG> (Thumb, 16 bytes, Stack size 0 bytes, cb_scr.o(.text.cb_scr_uart0_module_on))
<BR><BR>[Called By]<UL><LI><a href="#[92]">&gt;&gt;</a>&nbsp;&nbsp;&nbsp;app_uart_init
</UL>

<P><STRONG><a name="[13]"></a>cb_spi_irqhandler</STRONG> (Thumb, 2 bytes, Stack size 0 bytes, startup_armcm33.o(.text.cb_spi_irqhandler))
<BR><BR>[Calls]<UL><LI><a href="#[13]">&gt;&gt;</a>&nbsp;&nbsp;&nbsp;cb_spi_irqhandler
</UL>
<BR>[Called By]<UL><LI><a href="#[13]">&gt;&gt;</a>&nbsp;&nbsp;&nbsp;cb_spi_irqhandler
</UL>
<BR>[Address Reference Count : 1]<UL><LI> startup_armcm33.o(RESET)
</UL>
<P><STRONG><a name="[91]"></a>cb_system_delay_in_ms</STRONG> (Thumb, 4 bytes, Stack size 0 bytes, cb_system.o(.text.cb_system_delay_in_ms))
<BR><BR>[Stack]<UL><LI>Max Depth = 8<LI>Call Chain = cb_system_delay_in_ms &rArr; cb_hal_delay_in_ms
</UL>
<BR>[Calls]<UL><LI><a href="#[9d]">&gt;&gt;</a>&nbsp;&nbsp;&nbsp;cb_hal_delay_in_ms
</UL>
<BR>[Called By]<UL><LI><a href="#[8b]">&gt;&gt;</a>&nbsp;&nbsp;&nbsp;app_adc_test_original_value
</UL>

<P><STRONG><a name="[17]"></a>cb_timer_0_irqhandler</STRONG> (Thumb, 2 bytes, Stack size 0 bytes, startup_armcm33.o(.text.cb_timer_0_irqhandler))
<BR><BR>[Calls]<UL><LI><a href="#[17]">&gt;&gt;</a>&nbsp;&nbsp;&nbsp;cb_timer_0_irqhandler
</UL>
<BR>[Called By]<UL><LI><a href="#[17]">&gt;&gt;</a>&nbsp;&nbsp;&nbsp;cb_timer_0_irqhandler
</UL>
<BR>[Address Reference Count : 1]<UL><LI> startup_armcm33.o(RESET)
</UL>
<P><STRONG><a name="[18]"></a>cb_timer_1_irqhandler</STRONG> (Thumb, 2 bytes, Stack size 0 bytes, startup_armcm33.o(.text.cb_timer_1_irqhandler))
<BR><BR>[Calls]<UL><LI><a href="#[18]">&gt;&gt;</a>&nbsp;&nbsp;&nbsp;cb_timer_1_irqhandler
</UL>
<BR>[Called By]<UL><LI><a href="#[18]">&gt;&gt;</a>&nbsp;&nbsp;&nbsp;cb_timer_1_irqhandler
</UL>
<BR>[Address Reference Count : 1]<UL><LI> startup_armcm33.o(RESET)
</UL>
<P><STRONG><a name="[19]"></a>cb_timer_2_irqhandler</STRONG> (Thumb, 2 bytes, Stack size 0 bytes, startup_armcm33.o(.text.cb_timer_2_irqhandler))
<BR><BR>[Calls]<UL><LI><a href="#[19]">&gt;&gt;</a>&nbsp;&nbsp;&nbsp;cb_timer_2_irqhandler
</UL>
<BR>[Called By]<UL><LI><a href="#[19]">&gt;&gt;</a>&nbsp;&nbsp;&nbsp;cb_timer_2_irqhandler
</UL>
<BR>[Address Reference Count : 1]<UL><LI> startup_armcm33.o(RESET)
</UL>
<P><STRONG><a name="[1a]"></a>cb_timer_3_irqhandler</STRONG> (Thumb, 2 bytes, Stack size 0 bytes, startup_armcm33.o(.text.cb_timer_3_irqhandler))
<BR><BR>[Calls]<UL><LI><a href="#[1a]">&gt;&gt;</a>&nbsp;&nbsp;&nbsp;cb_timer_3_irqhandler
</UL>
<BR>[Called By]<UL><LI><a href="#[1a]">&gt;&gt;</a>&nbsp;&nbsp;&nbsp;cb_timer_3_irqhandler
</UL>
<BR>[Address Reference Count : 1]<UL><LI> startup_armcm33.o(RESET)
</UL>
<P><STRONG><a name="[10]"></a>cb_trng_irqhandler</STRONG> (Thumb, 2 bytes, Stack size 0 bytes, startup_armcm33.o(.text.cb_trng_irqhandler))
<BR><BR>[Calls]<UL><LI><a href="#[10]">&gt;&gt;</a>&nbsp;&nbsp;&nbsp;cb_trng_irqhandler
</UL>
<BR>[Called By]<UL><LI><a href="#[10]">&gt;&gt;</a>&nbsp;&nbsp;&nbsp;cb_trng_irqhandler
</UL>
<BR>[Address Reference Count : 1]<UL><LI> startup_armcm33.o(RESET)
</UL>
<P><STRONG><a name="[14]"></a>cb_uart_0_irqhandler</STRONG> (Thumb, 52 bytes, Stack size 8 bytes, cb_uart.o(.text.cb_uart_0_irqhandler))
<BR><BR>[Stack]<UL><LI>Max Depth = 16<LI>Call Chain = cb_uart_0_irqhandler &rArr; cb_uart_0_txb_empty_app_irq_callback
</UL>
<BR>[Calls]<UL><LI><a href="#[9f]">&gt;&gt;</a>&nbsp;&nbsp;&nbsp;cb_uart_0_txb_empty_app_irq_callback
<LI><a href="#[9e]">&gt;&gt;</a>&nbsp;&nbsp;&nbsp;cb_uart_0_rxb_full_app_irq_callback
</UL>
<BR>[Address Reference Count : 1]<UL><LI> startup_armcm33.o(RESET)
</UL>
<P><STRONG><a name="[9e]"></a>cb_uart_0_rxb_full_app_irq_callback</STRONG> (Thumb, 4 bytes, Stack size 0 bytes, appsysirqcallback.o(.text.cb_uart_0_rxb_full_app_irq_callback))
<BR><BR>[Calls]<UL><LI><a href="#[a0]">&gt;&gt;</a>&nbsp;&nbsp;&nbsp;app_uart_0_rxb_full_callback
</UL>
<BR>[Called By]<UL><LI><a href="#[14]">&gt;&gt;</a>&nbsp;&nbsp;&nbsp;cb_uart_0_irqhandler
</UL>

<P><STRONG><a name="[9f]"></a>cb_uart_0_txb_empty_app_irq_callback</STRONG> (Thumb, 30 bytes, Stack size 8 bytes, appsysirqcallback.o(.text.cb_uart_0_txb_empty_app_irq_callback))
<BR><BR>[Stack]<UL><LI>Max Depth = 8<LI>Call Chain = cb_uart_0_txb_empty_app_irq_callback
</UL>
<BR>[Called By]<UL><LI><a href="#[14]">&gt;&gt;</a>&nbsp;&nbsp;&nbsp;cb_uart_0_irqhandler
</UL>

<P><STRONG><a name="[15]"></a>cb_uart_1_irqhandler</STRONG> (Thumb, 52 bytes, Stack size 8 bytes, cb_uart.o(.text.cb_uart_1_irqhandler))
<BR><BR>[Stack]<UL><LI>Max Depth = 16<LI>Call Chain = cb_uart_1_irqhandler &rArr; cb_uart_1_txb_empty_app_irq_callback
</UL>
<BR>[Calls]<UL><LI><a href="#[a2]">&gt;&gt;</a>&nbsp;&nbsp;&nbsp;cb_uart_1_txb_empty_app_irq_callback
<LI><a href="#[a1]">&gt;&gt;</a>&nbsp;&nbsp;&nbsp;cb_uart_1_rxb_full_app_irq_callback
</UL>
<BR>[Address Reference Count : 1]<UL><LI> startup_armcm33.o(RESET)
</UL>
<P><STRONG><a name="[a1]"></a>cb_uart_1_rxb_full_app_irq_callback</STRONG> (Thumb, 30 bytes, Stack size 8 bytes, appsysirqcallback.o(.text.cb_uart_1_rxb_full_app_irq_callback))
<BR><BR>[Stack]<UL><LI>Max Depth = 8<LI>Call Chain = cb_uart_1_rxb_full_app_irq_callback
</UL>
<BR>[Called By]<UL><LI><a href="#[15]">&gt;&gt;</a>&nbsp;&nbsp;&nbsp;cb_uart_1_irqhandler
</UL>

<P><STRONG><a name="[a2]"></a>cb_uart_1_txb_empty_app_irq_callback</STRONG> (Thumb, 30 bytes, Stack size 8 bytes, appsysirqcallback.o(.text.cb_uart_1_txb_empty_app_irq_callback))
<BR><BR>[Stack]<UL><LI>Max Depth = 8<LI>Call Chain = cb_uart_1_txb_empty_app_irq_callback
</UL>
<BR>[Called By]<UL><LI><a href="#[15]">&gt;&gt;</a>&nbsp;&nbsp;&nbsp;cb_uart_1_irqhandler
</UL>

<P><STRONG><a name="[95]"></a>cb_uart_init</STRONG> (Thumb, 454 bytes, Stack size 20 bytes, cb_uart.o(.text.cb_uart_init))
<BR><BR>[Stack]<UL><LI>Max Depth = 20<LI>Call Chain = cb_uart_init
</UL>
<BR>[Called By]<UL><LI><a href="#[92]">&gt;&gt;</a>&nbsp;&nbsp;&nbsp;app_uart_init
</UL>

<P><STRONG><a name="[96]"></a>cb_uart_is_tx_busy</STRONG> (Thumb, 40 bytes, Stack size 0 bytes, cb_uart.o(.text.cb_uart_is_tx_busy))
<BR><BR>[Called By]<UL><LI><a href="#[90]">&gt;&gt;</a>&nbsp;&nbsp;&nbsp;app_uart_printf
</UL>

<P><STRONG><a name="[98]"></a>cb_uart_transmit</STRONG> (Thumb, 380 bytes, Stack size 16 bytes, cb_uart.o(.text.cb_uart_transmit))
<BR><BR>[Stack]<UL><LI>Max Depth = 16<LI>Call Chain = cb_uart_transmit
</UL>
<BR>[Calls]<UL><LI><a href="#[a3]">&gt;&gt;</a>&nbsp;&nbsp;&nbsp;__aeabi_memcpy
</UL>
<BR>[Called By]<UL><LI><a href="#[90]">&gt;&gt;</a>&nbsp;&nbsp;&nbsp;app_uart_printf
</UL>

<P><STRONG><a name="[20]"></a>cb_uwb_rx0_done_irqhandler</STRONG> (Thumb, 38 bytes, Stack size 8 bytes, cb_uwb.o(.text.cb_uwb_rx0_done_irqhandler))
<BR><BR>[Stack]<UL><LI>Max Depth = 20<LI>Call Chain = cb_uwb_rx0_done_irqhandler &rArr; cb_uwbdriver_disable_event_irq
</UL>
<BR>[Calls]<UL><LI><a href="#[a4]">&gt;&gt;</a>&nbsp;&nbsp;&nbsp;cb_uwbdriver_disable_event_irq
<LI><a href="#[a5]">&gt;&gt;</a>&nbsp;&nbsp;&nbsp;cb_uwbapp_rx0_done_irqcb
</UL>
<BR>[Address Reference Count : 1]<UL><LI> startup_armcm33.o(RESET)
</UL>
<P><STRONG><a name="[21]"></a>cb_uwb_rx0_preamble_detected_irqhandler</STRONG> (Thumb, 38 bytes, Stack size 8 bytes, cb_uwb.o(.text.cb_uwb_rx0_preamble_detected_irqhandler))
<BR><BR>[Stack]<UL><LI>Max Depth = 20<LI>Call Chain = cb_uwb_rx0_preamble_detected_irqhandler &rArr; cb_uwbdriver_disable_event_irq
</UL>
<BR>[Calls]<UL><LI><a href="#[a4]">&gt;&gt;</a>&nbsp;&nbsp;&nbsp;cb_uwbdriver_disable_event_irq
<LI><a href="#[a6]">&gt;&gt;</a>&nbsp;&nbsp;&nbsp;cb_uwbapp_rx0_preamble_detected_irqcb
</UL>
<BR>[Address Reference Count : 1]<UL><LI> startup_armcm33.o(RESET)
</UL>
<P><STRONG><a name="[22]"></a>cb_uwb_rx0_sfd_detected_irqhandler</STRONG> (Thumb, 38 bytes, Stack size 8 bytes, cb_uwb.o(.text.cb_uwb_rx0_sfd_detected_irqhandler))
<BR><BR>[Stack]<UL><LI>Max Depth = 20<LI>Call Chain = cb_uwb_rx0_sfd_detected_irqhandler &rArr; cb_uwbdriver_disable_event_irq
</UL>
<BR>[Calls]<UL><LI><a href="#[a4]">&gt;&gt;</a>&nbsp;&nbsp;&nbsp;cb_uwbdriver_disable_event_irq
<LI><a href="#[a7]">&gt;&gt;</a>&nbsp;&nbsp;&nbsp;cb_uwbapp_rx0_sfd_detected_irqcb
</UL>
<BR>[Address Reference Count : 1]<UL><LI> startup_armcm33.o(RESET)
</UL>
<P><STRONG><a name="[23]"></a>cb_uwb_rx1_done_irqhandler</STRONG> (Thumb, 38 bytes, Stack size 8 bytes, cb_uwb.o(.text.cb_uwb_rx1_done_irqhandler))
<BR><BR>[Stack]<UL><LI>Max Depth = 20<LI>Call Chain = cb_uwb_rx1_done_irqhandler &rArr; cb_uwbdriver_disable_event_irq
</UL>
<BR>[Calls]<UL><LI><a href="#[a4]">&gt;&gt;</a>&nbsp;&nbsp;&nbsp;cb_uwbdriver_disable_event_irq
<LI><a href="#[a8]">&gt;&gt;</a>&nbsp;&nbsp;&nbsp;cb_uwbapp_rx1_done_irqhandler
</UL>
<BR>[Address Reference Count : 1]<UL><LI> startup_armcm33.o(RESET)
</UL>
<P><STRONG><a name="[24]"></a>cb_uwb_rx1_preamble_detected_irqhandler</STRONG> (Thumb, 38 bytes, Stack size 8 bytes, cb_uwb.o(.text.cb_uwb_rx1_preamble_detected_irqhandler))
<BR><BR>[Stack]<UL><LI>Max Depth = 20<LI>Call Chain = cb_uwb_rx1_preamble_detected_irqhandler &rArr; cb_uwbdriver_disable_event_irq
</UL>
<BR>[Calls]<UL><LI><a href="#[a4]">&gt;&gt;</a>&nbsp;&nbsp;&nbsp;cb_uwbdriver_disable_event_irq
<LI><a href="#[a9]">&gt;&gt;</a>&nbsp;&nbsp;&nbsp;cb_uwbapp_rx1_preamble_detected_irqhandler
</UL>
<BR>[Address Reference Count : 1]<UL><LI> startup_armcm33.o(RESET)
</UL>
<P><STRONG><a name="[25]"></a>cb_uwb_rx1_sfd_detected_irqhandler</STRONG> (Thumb, 38 bytes, Stack size 8 bytes, cb_uwb.o(.text.cb_uwb_rx1_sfd_detected_irqhandler))
<BR><BR>[Stack]<UL><LI>Max Depth = 20<LI>Call Chain = cb_uwb_rx1_sfd_detected_irqhandler &rArr; cb_uwbdriver_disable_event_irq
</UL>
<BR>[Calls]<UL><LI><a href="#[a4]">&gt;&gt;</a>&nbsp;&nbsp;&nbsp;cb_uwbdriver_disable_event_irq
<LI><a href="#[aa]">&gt;&gt;</a>&nbsp;&nbsp;&nbsp;cb_uwbapp_rx1_sfd_detected_irqcb
</UL>
<BR>[Address Reference Count : 1]<UL><LI> startup_armcm33.o(RESET)
</UL>
<P><STRONG><a name="[26]"></a>cb_uwb_rx2_done_irqhandler</STRONG> (Thumb, 38 bytes, Stack size 8 bytes, cb_uwb.o(.text.cb_uwb_rx2_done_irqhandler))
<BR><BR>[Stack]<UL><LI>Max Depth = 20<LI>Call Chain = cb_uwb_rx2_done_irqhandler &rArr; cb_uwbdriver_disable_event_irq
</UL>
<BR>[Calls]<UL><LI><a href="#[a4]">&gt;&gt;</a>&nbsp;&nbsp;&nbsp;cb_uwbdriver_disable_event_irq
<LI><a href="#[ab]">&gt;&gt;</a>&nbsp;&nbsp;&nbsp;cb_uwbapp_rx2_done_irqcb
</UL>
<BR>[Address Reference Count : 1]<UL><LI> startup_armcm33.o(RESET)
</UL>
<P><STRONG><a name="[27]"></a>cb_uwb_rx2_preamble_detected_irqhandler</STRONG> (Thumb, 38 bytes, Stack size 8 bytes, cb_uwb.o(.text.cb_uwb_rx2_preamble_detected_irqhandler))
<BR><BR>[Stack]<UL><LI>Max Depth = 20<LI>Call Chain = cb_uwb_rx2_preamble_detected_irqhandler &rArr; cb_uwbdriver_disable_event_irq
</UL>
<BR>[Calls]<UL><LI><a href="#[a4]">&gt;&gt;</a>&nbsp;&nbsp;&nbsp;cb_uwbdriver_disable_event_irq
<LI><a href="#[ac]">&gt;&gt;</a>&nbsp;&nbsp;&nbsp;cb_uwbapp_rx2_preamble_detected_irqhandler
</UL>
<BR>[Address Reference Count : 1]<UL><LI> startup_armcm33.o(RESET)
</UL>
<P><STRONG><a name="[28]"></a>cb_uwb_rx2_sfd_detected_irqhandler</STRONG> (Thumb, 38 bytes, Stack size 8 bytes, cb_uwb.o(.text.cb_uwb_rx2_sfd_detected_irqhandler))
<BR><BR>[Stack]<UL><LI>Max Depth = 20<LI>Call Chain = cb_uwb_rx2_sfd_detected_irqhandler &rArr; cb_uwbdriver_disable_event_irq
</UL>
<BR>[Calls]<UL><LI><a href="#[a4]">&gt;&gt;</a>&nbsp;&nbsp;&nbsp;cb_uwbdriver_disable_event_irq
<LI><a href="#[ad]">&gt;&gt;</a>&nbsp;&nbsp;&nbsp;cb_uwbapp_rx2_sfd_detected_irqcb
</UL>
<BR>[Address Reference Count : 1]<UL><LI> startup_armcm33.o(RESET)
</UL>
<P><STRONG><a name="[2b]"></a>cb_uwb_rx_done_irqhandler</STRONG> (Thumb, 36 bytes, Stack size 8 bytes, cb_uwb.o(.text.cb_uwb_rx_done_irqhandler))
<BR><BR>[Stack]<UL><LI>Max Depth = 20<LI>Call Chain = cb_uwb_rx_done_irqhandler &rArr; cb_uwbdriver_disable_event_irq
</UL>
<BR>[Calls]<UL><LI><a href="#[a4]">&gt;&gt;</a>&nbsp;&nbsp;&nbsp;cb_uwbdriver_disable_event_irq
<LI><a href="#[ae]">&gt;&gt;</a>&nbsp;&nbsp;&nbsp;cb_uwbapp_rx_done_irqhandler
</UL>
<BR>[Address Reference Count : 1]<UL><LI> startup_armcm33.o(RESET)
</UL>
<P><STRONG><a name="[2a]"></a>cb_uwb_rx_phr_detected_irqhandler</STRONG> (Thumb, 38 bytes, Stack size 8 bytes, cb_uwb.o(.text.cb_uwb_rx_phr_detected_irqhandler))
<BR><BR>[Stack]<UL><LI>Max Depth = 20<LI>Call Chain = cb_uwb_rx_phr_detected_irqhandler &rArr; cb_uwbdriver_disable_event_irq
</UL>
<BR>[Calls]<UL><LI><a href="#[a4]">&gt;&gt;</a>&nbsp;&nbsp;&nbsp;cb_uwbdriver_disable_event_irq
<LI><a href="#[af]">&gt;&gt;</a>&nbsp;&nbsp;&nbsp;cb_uwbapp_rx_phr_detected_irqhandler
</UL>
<BR>[Address Reference Count : 1]<UL><LI> startup_armcm33.o(RESET)
</UL>
<P><STRONG><a name="[29]"></a>cb_uwb_rx_sts_cir_end_irqhandler</STRONG> (Thumb, 38 bytes, Stack size 8 bytes, cb_uwb.o(.text.cb_uwb_rx_sts_cir_end_irqhandler))
<BR><BR>[Stack]<UL><LI>Max Depth = 20<LI>Call Chain = cb_uwb_rx_sts_cir_end_irqhandler &rArr; cb_uwbdriver_disable_event_irq
</UL>
<BR>[Calls]<UL><LI><a href="#[a4]">&gt;&gt;</a>&nbsp;&nbsp;&nbsp;cb_uwbdriver_disable_event_irq
<LI><a href="#[b0]">&gt;&gt;</a>&nbsp;&nbsp;&nbsp;cb_uwbapp_rx_sts_cir_end_irqhandler
</UL>
<BR>[Address Reference Count : 1]<UL><LI> startup_armcm33.o(RESET)
</UL>
<P><STRONG><a name="[2c]"></a>cb_uwb_tx_done_irqhandler</STRONG> (Thumb, 36 bytes, Stack size 8 bytes, cb_uwb.o(.text.cb_uwb_tx_done_irqhandler))
<BR><BR>[Stack]<UL><LI>Max Depth = 20<LI>Call Chain = cb_uwb_tx_done_irqhandler &rArr; cb_uwbdriver_disable_event_irq
</UL>
<BR>[Calls]<UL><LI><a href="#[a4]">&gt;&gt;</a>&nbsp;&nbsp;&nbsp;cb_uwbdriver_disable_event_irq
<LI><a href="#[b1]">&gt;&gt;</a>&nbsp;&nbsp;&nbsp;cb_uwbapp_tx_done_irqhandler
</UL>
<BR>[Address Reference Count : 1]<UL><LI> startup_armcm33.o(RESET)
</UL>
<P><STRONG><a name="[2d]"></a>cb_uwb_tx_sfd_mark_irqhandler</STRONG> (Thumb, 36 bytes, Stack size 8 bytes, cb_uwb.o(.text.cb_uwb_tx_sfd_mark_irqhandler))
<BR><BR>[Stack]<UL><LI>Max Depth = 20<LI>Call Chain = cb_uwb_tx_sfd_mark_irqhandler &rArr; cb_uwbdriver_disable_event_irq
</UL>
<BR>[Calls]<UL><LI><a href="#[a4]">&gt;&gt;</a>&nbsp;&nbsp;&nbsp;cb_uwbdriver_disable_event_irq
<LI><a href="#[b2]">&gt;&gt;</a>&nbsp;&nbsp;&nbsp;cb_uwbapp_tx_sfd_mark_irqhandler
</UL>
<BR>[Address Reference Count : 1]<UL><LI> startup_armcm33.o(RESET)
</UL>
<P><STRONG><a name="[a5]"></a>cb_uwbapp_rx0_done_irqcb</STRONG> (Thumb, 30 bytes, Stack size 8 bytes, appsysirqcallback.o(.text.cb_uwbapp_rx0_done_irqcb))
<BR><BR>[Stack]<UL><LI>Max Depth = 8<LI>Call Chain = cb_uwbapp_rx0_done_irqcb
</UL>
<BR>[Called By]<UL><LI><a href="#[20]">&gt;&gt;</a>&nbsp;&nbsp;&nbsp;cb_uwb_rx0_done_irqhandler
</UL>

<P><STRONG><a name="[a6]"></a>cb_uwbapp_rx0_preamble_detected_irqcb</STRONG> (Thumb, 30 bytes, Stack size 8 bytes, appsysirqcallback.o(.text.cb_uwbapp_rx0_preamble_detected_irqcb))
<BR><BR>[Stack]<UL><LI>Max Depth = 8<LI>Call Chain = cb_uwbapp_rx0_preamble_detected_irqcb
</UL>
<BR>[Called By]<UL><LI><a href="#[21]">&gt;&gt;</a>&nbsp;&nbsp;&nbsp;cb_uwb_rx0_preamble_detected_irqhandler
</UL>

<P><STRONG><a name="[a7]"></a>cb_uwbapp_rx0_sfd_detected_irqcb</STRONG> (Thumb, 30 bytes, Stack size 8 bytes, appsysirqcallback.o(.text.cb_uwbapp_rx0_sfd_detected_irqcb))
<BR><BR>[Stack]<UL><LI>Max Depth = 8<LI>Call Chain = cb_uwbapp_rx0_sfd_detected_irqcb
</UL>
<BR>[Called By]<UL><LI><a href="#[22]">&gt;&gt;</a>&nbsp;&nbsp;&nbsp;cb_uwb_rx0_sfd_detected_irqhandler
</UL>

<P><STRONG><a name="[a8]"></a>cb_uwbapp_rx1_done_irqhandler</STRONG> (Thumb, 30 bytes, Stack size 8 bytes, appsysirqcallback.o(.text.cb_uwbapp_rx1_done_irqhandler))
<BR><BR>[Stack]<UL><LI>Max Depth = 8<LI>Call Chain = cb_uwbapp_rx1_done_irqhandler
</UL>
<BR>[Called By]<UL><LI><a href="#[23]">&gt;&gt;</a>&nbsp;&nbsp;&nbsp;cb_uwb_rx1_done_irqhandler
</UL>

<P><STRONG><a name="[a9]"></a>cb_uwbapp_rx1_preamble_detected_irqhandler</STRONG> (Thumb, 30 bytes, Stack size 8 bytes, appsysirqcallback.o(.text.cb_uwbapp_rx1_preamble_detected_irqhandler))
<BR><BR>[Stack]<UL><LI>Max Depth = 8<LI>Call Chain = cb_uwbapp_rx1_preamble_detected_irqhandler
</UL>
<BR>[Called By]<UL><LI><a href="#[24]">&gt;&gt;</a>&nbsp;&nbsp;&nbsp;cb_uwb_rx1_preamble_detected_irqhandler
</UL>

<P><STRONG><a name="[aa]"></a>cb_uwbapp_rx1_sfd_detected_irqcb</STRONG> (Thumb, 30 bytes, Stack size 8 bytes, appsysirqcallback.o(.text.cb_uwbapp_rx1_sfd_detected_irqcb))
<BR><BR>[Stack]<UL><LI>Max Depth = 8<LI>Call Chain = cb_uwbapp_rx1_sfd_detected_irqcb
</UL>
<BR>[Called By]<UL><LI><a href="#[25]">&gt;&gt;</a>&nbsp;&nbsp;&nbsp;cb_uwb_rx1_sfd_detected_irqhandler
</UL>

<P><STRONG><a name="[ab]"></a>cb_uwbapp_rx2_done_irqcb</STRONG> (Thumb, 30 bytes, Stack size 8 bytes, appsysirqcallback.o(.text.cb_uwbapp_rx2_done_irqcb))
<BR><BR>[Stack]<UL><LI>Max Depth = 8<LI>Call Chain = cb_uwbapp_rx2_done_irqcb
</UL>
<BR>[Called By]<UL><LI><a href="#[26]">&gt;&gt;</a>&nbsp;&nbsp;&nbsp;cb_uwb_rx2_done_irqhandler
</UL>

<P><STRONG><a name="[ac]"></a>cb_uwbapp_rx2_preamble_detected_irqhandler</STRONG> (Thumb, 30 bytes, Stack size 8 bytes, appsysirqcallback.o(.text.cb_uwbapp_rx2_preamble_detected_irqhandler))
<BR><BR>[Stack]<UL><LI>Max Depth = 8<LI>Call Chain = cb_uwbapp_rx2_preamble_detected_irqhandler
</UL>
<BR>[Called By]<UL><LI><a href="#[27]">&gt;&gt;</a>&nbsp;&nbsp;&nbsp;cb_uwb_rx2_preamble_detected_irqhandler
</UL>

<P><STRONG><a name="[ad]"></a>cb_uwbapp_rx2_sfd_detected_irqcb</STRONG> (Thumb, 30 bytes, Stack size 8 bytes, appsysirqcallback.o(.text.cb_uwbapp_rx2_sfd_detected_irqcb))
<BR><BR>[Stack]<UL><LI>Max Depth = 8<LI>Call Chain = cb_uwbapp_rx2_sfd_detected_irqcb
</UL>
<BR>[Called By]<UL><LI><a href="#[28]">&gt;&gt;</a>&nbsp;&nbsp;&nbsp;cb_uwb_rx2_sfd_detected_irqhandler
</UL>

<P><STRONG><a name="[ae]"></a>cb_uwbapp_rx_done_irqhandler</STRONG> (Thumb, 30 bytes, Stack size 8 bytes, appsysirqcallback.o(.text.cb_uwbapp_rx_done_irqhandler))
<BR><BR>[Stack]<UL><LI>Max Depth = 8<LI>Call Chain = cb_uwbapp_rx_done_irqhandler
</UL>
<BR>[Called By]<UL><LI><a href="#[2b]">&gt;&gt;</a>&nbsp;&nbsp;&nbsp;cb_uwb_rx_done_irqhandler
</UL>

<P><STRONG><a name="[af]"></a>cb_uwbapp_rx_phr_detected_irqhandler</STRONG> (Thumb, 30 bytes, Stack size 8 bytes, appsysirqcallback.o(.text.cb_uwbapp_rx_phr_detected_irqhandler))
<BR><BR>[Stack]<UL><LI>Max Depth = 8<LI>Call Chain = cb_uwbapp_rx_phr_detected_irqhandler
</UL>
<BR>[Called By]<UL><LI><a href="#[2a]">&gt;&gt;</a>&nbsp;&nbsp;&nbsp;cb_uwb_rx_phr_detected_irqhandler
</UL>

<P><STRONG><a name="[b0]"></a>cb_uwbapp_rx_sts_cir_end_irqhandler</STRONG> (Thumb, 30 bytes, Stack size 8 bytes, appsysirqcallback.o(.text.cb_uwbapp_rx_sts_cir_end_irqhandler))
<BR><BR>[Stack]<UL><LI>Max Depth = 8<LI>Call Chain = cb_uwbapp_rx_sts_cir_end_irqhandler
</UL>
<BR>[Called By]<UL><LI><a href="#[29]">&gt;&gt;</a>&nbsp;&nbsp;&nbsp;cb_uwb_rx_sts_cir_end_irqhandler
</UL>

<P><STRONG><a name="[b1]"></a>cb_uwbapp_tx_done_irqhandler</STRONG> (Thumb, 30 bytes, Stack size 8 bytes, appsysirqcallback.o(.text.cb_uwbapp_tx_done_irqhandler))
<BR><BR>[Stack]<UL><LI>Max Depth = 8<LI>Call Chain = cb_uwbapp_tx_done_irqhandler
</UL>
<BR>[Called By]<UL><LI><a href="#[2c]">&gt;&gt;</a>&nbsp;&nbsp;&nbsp;cb_uwb_tx_done_irqhandler
</UL>

<P><STRONG><a name="[b2]"></a>cb_uwbapp_tx_sfd_mark_irqhandler</STRONG> (Thumb, 30 bytes, Stack size 8 bytes, appsysirqcallback.o(.text.cb_uwbapp_tx_sfd_mark_irqhandler))
<BR><BR>[Stack]<UL><LI>Max Depth = 8<LI>Call Chain = cb_uwbapp_tx_sfd_mark_irqhandler
</UL>
<BR>[Called By]<UL><LI><a href="#[2d]">&gt;&gt;</a>&nbsp;&nbsp;&nbsp;cb_uwb_tx_sfd_mark_irqhandler
</UL>

<P><STRONG><a name="[a4]"></a>cb_uwbdriver_disable_event_irq</STRONG> (Thumb, 158 bytes, Stack size 12 bytes, cb_uwbdrivers.o(.text.cb_uwbdriver_disable_event_irq))
<BR><BR>[Stack]<UL><LI>Max Depth = 12<LI>Call Chain = cb_uwbdriver_disable_event_irq
</UL>
<BR>[Called By]<UL><LI><a href="#[2d]">&gt;&gt;</a>&nbsp;&nbsp;&nbsp;cb_uwb_tx_sfd_mark_irqhandler
<LI><a href="#[2c]">&gt;&gt;</a>&nbsp;&nbsp;&nbsp;cb_uwb_tx_done_irqhandler
<LI><a href="#[2b]">&gt;&gt;</a>&nbsp;&nbsp;&nbsp;cb_uwb_rx_done_irqhandler
<LI><a href="#[2a]">&gt;&gt;</a>&nbsp;&nbsp;&nbsp;cb_uwb_rx_phr_detected_irqhandler
<LI><a href="#[29]">&gt;&gt;</a>&nbsp;&nbsp;&nbsp;cb_uwb_rx_sts_cir_end_irqhandler
<LI><a href="#[28]">&gt;&gt;</a>&nbsp;&nbsp;&nbsp;cb_uwb_rx2_sfd_detected_irqhandler
<LI><a href="#[27]">&gt;&gt;</a>&nbsp;&nbsp;&nbsp;cb_uwb_rx2_preamble_detected_irqhandler
<LI><a href="#[26]">&gt;&gt;</a>&nbsp;&nbsp;&nbsp;cb_uwb_rx2_done_irqhandler
<LI><a href="#[25]">&gt;&gt;</a>&nbsp;&nbsp;&nbsp;cb_uwb_rx1_sfd_detected_irqhandler
<LI><a href="#[24]">&gt;&gt;</a>&nbsp;&nbsp;&nbsp;cb_uwb_rx1_preamble_detected_irqhandler
<LI><a href="#[23]">&gt;&gt;</a>&nbsp;&nbsp;&nbsp;cb_uwb_rx1_done_irqhandler
<LI><a href="#[22]">&gt;&gt;</a>&nbsp;&nbsp;&nbsp;cb_uwb_rx0_sfd_detected_irqhandler
<LI><a href="#[21]">&gt;&gt;</a>&nbsp;&nbsp;&nbsp;cb_uwb_rx0_preamble_detected_irqhandler
<LI><a href="#[20]">&gt;&gt;</a>&nbsp;&nbsp;&nbsp;cb_uwb_rx0_done_irqhandler
</UL>

<P><STRONG><a name="[88]"></a>cb_wdt_nmi_app_irq_callback</STRONG> (Thumb, 30 bytes, Stack size 8 bytes, appsysirqcallback.o(.text.cb_wdt_nmi_app_irq_callback))
<BR><BR>[Stack]<UL><LI>Max Depth = 8<LI>Call Chain = cb_wdt_nmi_app_irq_callback
</UL>
<BR>[Called By]<UL><LI><a href="#[1]">&gt;&gt;</a>&nbsp;&nbsp;&nbsp;NMI_Handler
</UL>

<P><STRONG><a name="[62]"></a>main</STRONG> (Thumb, 56 bytes, Stack size 0 bytes, main.o(.text.main))
<BR><BR>[Stack]<UL><LI>Max Depth = 448 + Unknown Stack Size
<LI>Call Chain = main &rArr; app_adc_test_original_value &rArr; app_uart_printf &rArr; vsnprintf &rArr; _printf_char_common &rArr; __printf
</UL>
<BR>[Calls]<UL><LI><a href="#[8b]">&gt;&gt;</a>&nbsp;&nbsp;&nbsp;app_adc_test_original_value
<LI><a href="#[92]">&gt;&gt;</a>&nbsp;&nbsp;&nbsp;app_uart_init
</UL>
<BR>[Called By]<UL><LI><a href="#[61]">&gt;&gt;</a>&nbsp;&nbsp;&nbsp;__rt_entry_main
</UL>

<P><STRONG><a name="[7c]"></a>_btod_d2e</STRONG> (Thumb, 62 bytes, Stack size 0 bytes, btod.o(CL$$btod_d2e))
<BR><BR>[Calls]<UL><LI><a href="#[b3]">&gt;&gt;</a>&nbsp;&nbsp;&nbsp;_d2e_norm_op1
</UL>
<BR>[Called By]<UL><LI><a href="#[7a]">&gt;&gt;</a>&nbsp;&nbsp;&nbsp;_fp_digits
</UL>

<P><STRONG><a name="[b4]"></a>_d2e_denorm_low</STRONG> (Thumb, 70 bytes, Stack size 0 bytes, btod.o(CL$$btod_d2e_denorm_low))
<BR><BR>[Called By]<UL><LI><a href="#[b3]">&gt;&gt;</a>&nbsp;&nbsp;&nbsp;_d2e_norm_op1
</UL>

<P><STRONG><a name="[b3]"></a>_d2e_norm_op1</STRONG> (Thumb, 96 bytes, Stack size 0 bytes, btod.o(CL$$btod_d2e_norm_op1))
<BR><BR>[Calls]<UL><LI><a href="#[b4]">&gt;&gt;</a>&nbsp;&nbsp;&nbsp;_d2e_denorm_low
</UL>
<BR>[Called By]<UL><LI><a href="#[7c]">&gt;&gt;</a>&nbsp;&nbsp;&nbsp;_btod_d2e
</UL>

<P><STRONG><a name="[b5]"></a>__btod_div_common</STRONG> (Thumb, 696 bytes, Stack size 24 bytes, btod.o(CL$$btod_div_common))
<BR><BR>[Stack]<UL><LI>Max Depth = 24<LI>Call Chain = __btod_div_common
</UL>
<BR>[Called By]<UL><LI><a href="#[7d]">&gt;&gt;</a>&nbsp;&nbsp;&nbsp;_btod_ediv
</UL>

<P><STRONG><a name="[b6]"></a>_e2e</STRONG> (Thumb, 220 bytes, Stack size 24 bytes, btod.o(CL$$btod_e2e))
<BR><BR>[Stack]<UL><LI>Max Depth = 24<LI>Call Chain = _e2e
</UL>
<BR>[Called By]<UL><LI><a href="#[7e]">&gt;&gt;</a>&nbsp;&nbsp;&nbsp;_btod_emul
<LI><a href="#[7d]">&gt;&gt;</a>&nbsp;&nbsp;&nbsp;_btod_ediv
</UL>

<P><STRONG><a name="[7d]"></a>_btod_ediv</STRONG> (Thumb, 42 bytes, Stack size 28 bytes, btod.o(CL$$btod_ediv))
<BR><BR>[Stack]<UL><LI>Max Depth = 52<LI>Call Chain = _btod_ediv &rArr; _e2e
</UL>
<BR>[Calls]<UL><LI><a href="#[b6]">&gt;&gt;</a>&nbsp;&nbsp;&nbsp;_e2e
<LI><a href="#[b5]">&gt;&gt;</a>&nbsp;&nbsp;&nbsp;__btod_div_common
</UL>
<BR>[Called By]<UL><LI><a href="#[7b]">&gt;&gt;</a>&nbsp;&nbsp;&nbsp;_btod_etento
<LI><a href="#[7a]">&gt;&gt;</a>&nbsp;&nbsp;&nbsp;_fp_digits
</UL>

<P><STRONG><a name="[7e]"></a>_btod_emul</STRONG> (Thumb, 42 bytes, Stack size 28 bytes, btod.o(CL$$btod_emul))
<BR><BR>[Stack]<UL><LI>Max Depth = 52<LI>Call Chain = _btod_emul &rArr; _e2e
</UL>
<BR>[Calls]<UL><LI><a href="#[b7]">&gt;&gt;</a>&nbsp;&nbsp;&nbsp;__btod_mult_common
<LI><a href="#[b6]">&gt;&gt;</a>&nbsp;&nbsp;&nbsp;_e2e
</UL>
<BR>[Called By]<UL><LI><a href="#[7b]">&gt;&gt;</a>&nbsp;&nbsp;&nbsp;_btod_etento
<LI><a href="#[7a]">&gt;&gt;</a>&nbsp;&nbsp;&nbsp;_fp_digits
</UL>

<P><STRONG><a name="[b7]"></a>__btod_mult_common</STRONG> (Thumb, 580 bytes, Stack size 16 bytes, btod.o(CL$$btod_mult_common))
<BR><BR>[Stack]<UL><LI>Max Depth = 16<LI>Call Chain = __btod_mult_common
</UL>
<BR>[Called By]<UL><LI><a href="#[7e]">&gt;&gt;</a>&nbsp;&nbsp;&nbsp;_btod_emul
</UL>

<P><STRONG><a name="[80]"></a>__ARM_fpclassify</STRONG> (Thumb, 48 bytes, Stack size 8 bytes, fpclassify.o(i.__ARM_fpclassify))
<BR><BR>[Stack]<UL><LI>Max Depth = 8<LI>Call Chain = __ARM_fpclassify
</UL>
<BR>[Called By]<UL><LI><a href="#[82]">&gt;&gt;</a>&nbsp;&nbsp;&nbsp;_printf_fp_hex_real
<LI><a href="#[7f]">&gt;&gt;</a>&nbsp;&nbsp;&nbsp;_printf_fp_dec_real
</UL>

<P><STRONG><a name="[78]"></a>_is_digit</STRONG> (Thumb, 14 bytes, Stack size 0 bytes, __printf_wp.o(i._is_digit))
<BR><BR>[Called By]<UL><LI><a href="#[72]">&gt;&gt;</a>&nbsp;&nbsp;&nbsp;__printf
</UL>

<P><STRONG><a name="[5e]"></a>_get_lc_numeric</STRONG> (Thumb, 44 bytes, Stack size 8 bytes, lc_numeric_c.o(locale$$code))
<BR><BR>[Stack]<UL><LI>Max Depth = 16<LI>Call Chain = _get_lc_numeric &rArr; strcmp
</UL>
<BR>[Calls]<UL><LI><a href="#[b8]">&gt;&gt;</a>&nbsp;&nbsp;&nbsp;strcmp
</UL>
<BR>[Called By]<UL><LI><a href="#[5d]">&gt;&gt;</a>&nbsp;&nbsp;&nbsp;__rt_lib_init_lc_numeric_2
</UL>

<P><STRONG><a name="[34]"></a>_get_lc_ctype</STRONG> (Thumb, 44 bytes, Stack size 8 bytes, lc_ctype_c.o(locale$$code))
<BR><BR>[Stack]<UL><LI>Max Depth = 16<LI>Call Chain = _get_lc_ctype &rArr; strcmp
</UL>
<BR>[Calls]<UL><LI><a href="#[b8]">&gt;&gt;</a>&nbsp;&nbsp;&nbsp;strcmp
</UL>
<BR>[Called By]<UL><LI><a href="#[5c]">&gt;&gt;</a>&nbsp;&nbsp;&nbsp;__rt_lib_init_lc_ctype_2
</UL>
<BR>[Address Reference Count : 1]<UL><LI> rt_ctype_table.o(.text)
</UL>
<P><STRONG><a name="[8f]"></a>__aeabi_d2f</STRONG> (Thumb, 0 bytes, Stack size 32 bytes, d2f.o(x$fpl$d2f))
<BR><BR>[Stack]<UL><LI>Max Depth = 32<LI>Call Chain = __aeabi_d2f
</UL>
<BR>[Called By]<UL><LI><a href="#[8b]">&gt;&gt;</a>&nbsp;&nbsp;&nbsp;app_adc_test_original_value
</UL>

<P><STRONG><a name="[b9]"></a>_d2f</STRONG> (Thumb, 98 bytes, Stack size 32 bytes, d2f.o(x$fpl$d2f), UNUSED)
<BR><BR>[Calls]<UL><LI><a href="#[ba]">&gt;&gt;</a>&nbsp;&nbsp;&nbsp;__fpl_fretinf
<LI><a href="#[bb]">&gt;&gt;</a>&nbsp;&nbsp;&nbsp;__fpl_dnaninf
</UL>

<P><STRONG><a name="[8e]"></a>__aeabi_dmul</STRONG> (Thumb, 0 bytes, Stack size 32 bytes, dmul.o(x$fpl$dmul))
<BR><BR>[Stack]<UL><LI>Max Depth = 32<LI>Call Chain = __aeabi_dmul
</UL>
<BR>[Called By]<UL><LI><a href="#[8b]">&gt;&gt;</a>&nbsp;&nbsp;&nbsp;app_adc_test_original_value
</UL>

<P><STRONG><a name="[bc]"></a>_dmul</STRONG> (Thumb, 332 bytes, Stack size 32 bytes, dmul.o(x$fpl$dmul), UNUSED)
<BR><BR>[Calls]<UL><LI><a href="#[bd]">&gt;&gt;</a>&nbsp;&nbsp;&nbsp;__fpl_dretinf
<LI><a href="#[bb]">&gt;&gt;</a>&nbsp;&nbsp;&nbsp;__fpl_dnaninf
</UL>

<P><STRONG><a name="[bb]"></a>__fpl_dnaninf</STRONG> (Thumb, 156 bytes, Stack size 16 bytes, dnaninf.o(x$fpl$dnaninf), UNUSED)
<BR><BR>[Called By]<UL><LI><a href="#[bc]">&gt;&gt;</a>&nbsp;&nbsp;&nbsp;_dmul
<LI><a href="#[b9]">&gt;&gt;</a>&nbsp;&nbsp;&nbsp;_d2f
</UL>

<P><STRONG><a name="[bd]"></a>__fpl_dretinf</STRONG> (Thumb, 12 bytes, Stack size 0 bytes, dretinf.o(x$fpl$dretinf), UNUSED)
<BR><BR>[Called By]<UL><LI><a href="#[be]">&gt;&gt;</a>&nbsp;&nbsp;&nbsp;_f2d
<LI><a href="#[bc]">&gt;&gt;</a>&nbsp;&nbsp;&nbsp;_dmul
</UL>

<P><STRONG><a name="[8d]"></a>__aeabi_f2d</STRONG> (Thumb, 0 bytes, Stack size 16 bytes, f2d.o(x$fpl$f2d))
<BR><BR>[Stack]<UL><LI>Max Depth = 16<LI>Call Chain = __aeabi_f2d
</UL>
<BR>[Called By]<UL><LI><a href="#[8b]">&gt;&gt;</a>&nbsp;&nbsp;&nbsp;app_adc_test_original_value
</UL>

<P><STRONG><a name="[be]"></a>_f2d</STRONG> (Thumb, 86 bytes, Stack size 16 bytes, f2d.o(x$fpl$f2d), UNUSED)
<BR><BR>[Calls]<UL><LI><a href="#[bf]">&gt;&gt;</a>&nbsp;&nbsp;&nbsp;__fpl_fnaninf
<LI><a href="#[bd]">&gt;&gt;</a>&nbsp;&nbsp;&nbsp;__fpl_dretinf
</UL>

<P><STRONG><a name="[bf]"></a>__fpl_fnaninf</STRONG> (Thumb, 140 bytes, Stack size 8 bytes, fnaninf.o(x$fpl$fnaninf), UNUSED)
<BR><BR>[Called By]<UL><LI><a href="#[be]">&gt;&gt;</a>&nbsp;&nbsp;&nbsp;_f2d
</UL>

<P><STRONG><a name="[59]"></a>_fp_init</STRONG> (Thumb, 26 bytes, Stack size 0 bytes, fpinit.o(x$fpl$fpinit))
<BR><BR>[Called By]<UL><LI><a href="#[58]">&gt;&gt;</a>&nbsp;&nbsp;&nbsp;__rt_lib_init_fp_1
</UL>

<P><STRONG><a name="[112]"></a>__fplib_config_fpu_vfp</STRONG> (Thumb, 0 bytes, Stack size unknown bytes, fpinit.o(x$fpl$fpinit), UNUSED)

<P><STRONG><a name="[113]"></a>__fplib_config_pureend_doubles</STRONG> (Thumb, 0 bytes, Stack size unknown bytes, fpinit.o(x$fpl$fpinit), UNUSED)

<P><STRONG><a name="[ba]"></a>__fpl_fretinf</STRONG> (Thumb, 10 bytes, Stack size 0 bytes, fretinf.o(x$fpl$fretinf), UNUSED)
<BR><BR>[Called By]<UL><LI><a href="#[b9]">&gt;&gt;</a>&nbsp;&nbsp;&nbsp;_d2f
</UL>

<P><STRONG><a name="[3b]"></a>_printf_fp_dec</STRONG> (Thumb, 4 bytes, Stack size 0 bytes, printf1.o(x$fpl$printf1))
<BR><BR>[Stack]<UL><LI>Max Depth = 324<LI>Call Chain = _printf_fp_dec &rArr; _printf_fp_dec_real &rArr; _fp_digits &rArr; _btod_etento &rArr; _btod_emul &rArr; _e2e
</UL>
<BR>[Calls]<UL><LI><a href="#[7f]">&gt;&gt;</a>&nbsp;&nbsp;&nbsp;_printf_fp_dec_real
</UL>
<BR>[Called By]<UL><LI><a href="#[3d]">&gt;&gt;</a>&nbsp;&nbsp;&nbsp;_printf_g
<LI><a href="#[3c]">&gt;&gt;</a>&nbsp;&nbsp;&nbsp;_printf_e
<LI><a href="#[3a]">&gt;&gt;</a>&nbsp;&nbsp;&nbsp;_printf_f
</UL>

<P><STRONG><a name="[3f]"></a>_printf_fp_hex</STRONG> (Thumb, 4 bytes, Stack size 0 bytes, printf2.o(x$fpl$printf2))
<BR><BR>[Stack]<UL><LI>Max Depth = 112<LI>Call Chain = _printf_fp_hex &rArr; _printf_fp_hex_real &rArr; _printf_fp_infnan &rArr; _printf_post_padding
</UL>
<BR>[Calls]<UL><LI><a href="#[82]">&gt;&gt;</a>&nbsp;&nbsp;&nbsp;_printf_fp_hex_real
</UL>
<BR>[Called By]<UL><LI><a href="#[3e]">&gt;&gt;</a>&nbsp;&nbsp;&nbsp;_printf_a
</UL>
<P>
<H3>
Local Symbols
</H3>
<P><STRONG><a name="[33]"></a>_printf_input_char</STRONG> (Thumb, 10 bytes, Stack size 0 bytes, _printf_char_common.o(.text))
<BR>[Address Reference Count : 1]<UL><LI> _printf_char_common.o(.text)
</UL>
<P><STRONG><a name="[7a]"></a>_fp_digits</STRONG> (Thumb, 432 bytes, Stack size 96 bytes, _printf_fp_dec.o(.text))
<BR><BR>[Stack]<UL><LI>Max Depth = 220<LI>Call Chain = _fp_digits &rArr; _btod_etento &rArr; _btod_emul &rArr; _e2e
</UL>
<BR>[Calls]<UL><LI><a href="#[7e]">&gt;&gt;</a>&nbsp;&nbsp;&nbsp;_btod_emul
<LI><a href="#[7d]">&gt;&gt;</a>&nbsp;&nbsp;&nbsp;_btod_ediv
<LI><a href="#[7c]">&gt;&gt;</a>&nbsp;&nbsp;&nbsp;_btod_d2e
<LI><a href="#[7b]">&gt;&gt;</a>&nbsp;&nbsp;&nbsp;_btod_etento
<LI><a href="#[75]">&gt;&gt;</a>&nbsp;&nbsp;&nbsp;_ll_udiv10
</UL>
<BR>[Called By]<UL><LI><a href="#[7f]">&gt;&gt;</a>&nbsp;&nbsp;&nbsp;_printf_fp_dec_real
</UL>
<P>
<H3>
Undefined Global Symbols
</H3><HR></body></html>
