<html>
<body>
<pre>
<h1>µVision Build Log</h1>
<h2>Tool Versions:</h2>
IDE-Version: µVision V5.40.0.0
Copyright (C) 2024 ARM Ltd and ARM Germany GmbH. All rights reserved.
License Information: lzz 123, lzz, LIC=MPPLD-821X0-IIJ5V-PAD87-8TH5Y-833VE
 
Tool Versions:
Toolchain:       MDK-ARM Plus  Version: 5.40.0.3
Toolchain Path:  C:\Users\zhengzhi.lu\AppData\Local\Keil_v5\ARM\ARMCLANG\Bin
C Compiler:      ArmClang.exe V6.22
Assembler:       Armasm.exe V6.22
Linker/Locator:  ArmLink.exe V6.22
Library Manager: ArmAr.exe V6.22
Hex Converter:   FromElf.exe V6.22
CPU DLL:         
Dialog DLL:      
Target DLL:      CMSIS_AGDI_V8M.DLL V1.8.2.0
Dialog DLL:      TCM.DLL V1.56.4.0
 
<h2>Project:</h2>
D:\dev_gy_m2\Sub_CBU_DEV\Firmware\Examples\peripheral_adc\Keil\peripheral_adc.uvprojx
Project File Date:  04/27/2025

<h2>Output:</h2>
*** Using Compiler 'V6.22', folder: 'C:\Users\zhengzhi.lu\AppData\Local\Keil_v5\ARM\ARMCLANG\Bin'
Rebuild target 'Target 1'
compiling CB_adc.c...
compiling app_adc.c...
compiling CB_iomux.c...
compiling main.c...
compiling CB_wdt.c...
compiling app_uart.c...
compiling CB_SleepDeepSleep.c...
compiling CB_gpio.c...
compiling CB_scr.c...
compiling CB_crc.c...
compiling AppSysIrqCallback.c...
compiling CB_Uart.c...
compiling CB_system.c...
compiling CB_uwb.c...
compiling system_ARMCM33.c...
compiling NonLIB_sharedUtils.c...
compiling startup_ARMCM33.c...
linking...
Program Size: Code=11596 RO-data=2584 RW-data=520 ZI-data=8448  
FromELF: creating hex file...
".\Objects\CBU5000V210.axf" - 0 Error(s), 0 Warning(s).

<h2>Software Packages used:</h2>

Package Vendor: Keil
                https://chipsbank.com/Keil.CBU5000V210_DFP.1.0.0.pack
                Keil::CBU5000V210_DFP@1.0.0
                CBU5000V210 Series Device Support, Drivers

<h2>Collection of Component include folders:</h2>
  C:/Users/zhengzhi.lu/AppData/Local/Arm/Packs/Chipsbank/CBU5000V210_DFP/1.0.0/Device/ARM/ARMCM33/Include

<h2>Collection of Component Files used:</h2>
Build Time Elapsed:  00:00:00
</pre>
</body>
</html>
