<html>
<body>
<pre>
<h1>µVision Build Log</h1>
<h2>Tool Versions:</h2>
IDE-Version: ¦ÌVision V5.40.0.0
Copyright (C) 2024 ARM Ltd and ARM Germany GmbH. All rights reserved.
License Information: yang wangyz, ping, LIC=YA39H-WQUUJ-Y87FK-ZBMHB-44UU6-FGSQE
 
Tool Versions:
Toolchain:       MDK-ARM Plus  Version: 5.40.0.3
Toolchain Path:  C:\Users\ping.yang\AppData\Local\Keil_v5\ARM\ARMCLANG\Bin
C Compiler:      ArmClang.exe V6.22
Assembler:       Armasm.exe V6.22
Linker/Locator:  ArmLink.exe V6.22
Library Manager: ArmAr.exe V6.22
Hex Converter:   FromElf.exe V6.22
CPU DLL:         
Dialog DLL:      
Target DLL:      CMSIS_AGDI_V8M.DLL V1.8.2.0
Dialog DLL:      TCM.DLL V1.56.4.0
 
<h2>Project:</h2>
D:\develop\cbu5000v210sdk_nonlib\Firmware\Examples\DFU_Bootloader\Keil\DFU_Bootloader.uvprojx
Project File Date:  06/09/2025

<h2>Output:</h2>
*** Using Compiler 'V6.22', folder: 'C:\Users\ping.yang\AppData\Local\Keil_v5\ARM\ARMCLANG\Bin'
Build target 'Target 1'
compiling crc16.c...
compiling CB_crc.c...
compiling crc8.c...
compiling main.c...
compiling CB_gpio.c...
compiling CB_SleepDeepSleep.c...
compiling CB_wdt.c...
compiling CB_iomux.c...
compiling CB_qspi.c...
compiling CB_flash.c...
compiling crc32.c...
compiling CB_scr.c...
compiling crcccitt.c...
compiling CB_Uart.c...
compiling crcdnp.c...
compiling crckrmit.c...
compiling crcsick.c...
compiling nmea-chk.c...
compiling NonLIB_sharedUtils.c...
compiling dfu_uart.c...
compiling startup_ARMCM33.c...
compiling dfu_handler.c...
compiling system_ARMCM33.c...
linking...
Program Size: Code=11568 RO-data=2104 RW-data=520 ZI-data=12692  
FromELF: creating hex file...
After Build - User command #1: fromelf --bin --output ./BinFile/APP.bin ./Objects/CBU5000V210.axf
".\Objects\CBU5000V210.axf" - 0 Error(s), 0 Warning(s).

<h2>Software Packages used:</h2>

Package Vendor: Keil
                https://chipsbank.com/Keil.CBU5000V210_DFP.1.0.0.pack
                Keil::CBU5000V210_DFP@1.0.0
                CBU5000V210 Series Device Support, Drivers

<h2>Collection of Component include folders:</h2>
  C:/Users/ping.yang/AppData/Local/Arm/Packs/Chipsbank/CBU5000V210_DFP/1.0.0/Device/ARM/ARMCM33/Include

<h2>Collection of Component Files used:</h2>
Build Time Elapsed:  00:00:02
</pre>
</body>
</html>
